Component: ARM Compiler 5.05 update 1 (build 106) Tool: armlink [4d0efa]

==============================================================================

Section Cross References

    startup_stm32f10x_md.o(STACK) refers (Special) to heapauxi.o(.text) for __use_two_region_memory
    startup_stm32f10x_md.o(HEAP) refers (Special) to heapauxi.o(.text) for __use_two_region_memory
    startup_stm32f10x_md.o(RESET) refers (Special) to heapauxi.o(.text) for __use_two_region_memory
    startup_stm32f10x_md.o(RESET) refers to startup_stm32f10x_md.o(STACK) for __initial_sp
    startup_stm32f10x_md.o(RESET) refers to startup_stm32f10x_md.o(.text) for Reset_Handler
    startup_stm32f10x_md.o(RESET) refers to stm32f10x_it.o(i.NMI_Handler) for NMI_Handler
    startup_stm32f10x_md.o(RESET) refers to stm32f10x_it.o(i.HardFault_Handler) for HardFault_Handler
    startup_stm32f10x_md.o(RESET) refers to stm32f10x_it.o(i.MemManage_Handler) for MemManage_Handler
    startup_stm32f10x_md.o(RESET) refers to stm32f10x_it.o(i.BusFault_Handler) for BusFault_Handler
    startup_stm32f10x_md.o(RESET) refers to stm32f10x_it.o(i.UsageFault_Handler) for UsageFault_Handler
    startup_stm32f10x_md.o(RESET) refers to stm32f10x_it.o(i.SVC_Handler) for SVC_Handler
    startup_stm32f10x_md.o(RESET) refers to stm32f10x_it.o(i.DebugMon_Handler) for DebugMon_Handler
    startup_stm32f10x_md.o(RESET) refers to stm32f10x_it.o(i.PendSV_Handler) for PendSV_Handler
    startup_stm32f10x_md.o(RESET) refers to stm32f10x_it.o(i.SysTick_Handler) for SysTick_Handler
    startup_stm32f10x_md.o(RESET) refers to motor_encoder.o(i.TIM2_IRQHandler) for TIM2_IRQHandler
    startup_stm32f10x_md.o(RESET) refers to control.o(i.TIM3_IRQHandler) for TIM3_IRQHandler
    startup_stm32f10x_md.o(RESET) refers to motor_encoder.o(i.TIM4_IRQHandler) for TIM4_IRQHandler
    startup_stm32f10x_md.o(RESET) refers to gyro.o(i.USART2_IRQHandler) for USART2_IRQHandler
    startup_stm32f10x_md.o(.text) refers (Special) to heapauxi.o(.text) for __use_two_region_memory
    startup_stm32f10x_md.o(.text) refers to system_stm32f10x.o(i.SystemInit) for SystemInit
    startup_stm32f10x_md.o(.text) refers to __main.o(!!!main) for __main
    startup_stm32f10x_md.o(.text) refers to startup_stm32f10x_md.o(HEAP) for Heap_Mem
    startup_stm32f10x_md.o(.text) refers to startup_stm32f10x_md.o(STACK) for Stack_Mem
    system_stm32f10x.o(i.SetSysClock) refers to system_stm32f10x.o(i.SetSysClockTo72) for SetSysClockTo72
    system_stm32f10x.o(i.SystemCoreClockUpdate) refers to system_stm32f10x.o(.data) for SystemCoreClock
    system_stm32f10x.o(i.SystemInit) refers to system_stm32f10x.o(i.SetSysClock) for SetSysClock
    stm32f10x_adc.o(i.ADC_DeInit) refers to stm32f10x_rcc.o(i.RCC_APB2PeriphResetCmd) for RCC_APB2PeriphResetCmd
    stm32f10x_bkp.o(i.BKP_DeInit) refers to stm32f10x_rcc.o(i.RCC_BackupResetCmd) for RCC_BackupResetCmd
    stm32f10x_can.o(i.CAN_DeInit) refers to stm32f10x_rcc.o(i.RCC_APB1PeriphResetCmd) for RCC_APB1PeriphResetCmd
    stm32f10x_can.o(i.CAN_GetITStatus) refers to stm32f10x_can.o(i.CheckITStatus) for CheckITStatus
    stm32f10x_cec.o(i.CEC_DeInit) refers to stm32f10x_rcc.o(i.RCC_APB1PeriphResetCmd) for RCC_APB1PeriphResetCmd
    stm32f10x_dac.o(i.DAC_DeInit) refers to stm32f10x_rcc.o(i.RCC_APB1PeriphResetCmd) for RCC_APB1PeriphResetCmd
    stm32f10x_flash.o(i.FLASH_EnableWriteProtection) refers to stm32f10x_flash.o(i.FLASH_WaitForLastOperation) for FLASH_WaitForLastOperation
    stm32f10x_flash.o(i.FLASH_EraseAllBank1Pages) refers to stm32f10x_flash.o(i.FLASH_WaitForLastBank1Operation) for FLASH_WaitForLastBank1Operation
    stm32f10x_flash.o(i.FLASH_EraseAllPages) refers to stm32f10x_flash.o(i.FLASH_WaitForLastOperation) for FLASH_WaitForLastOperation
    stm32f10x_flash.o(i.FLASH_EraseOptionBytes) refers to stm32f10x_flash.o(i.FLASH_GetReadOutProtectionStatus) for FLASH_GetReadOutProtectionStatus
    stm32f10x_flash.o(i.FLASH_EraseOptionBytes) refers to stm32f10x_flash.o(i.FLASH_WaitForLastOperation) for FLASH_WaitForLastOperation
    stm32f10x_flash.o(i.FLASH_ErasePage) refers to stm32f10x_flash.o(i.FLASH_WaitForLastOperation) for FLASH_WaitForLastOperation
    stm32f10x_flash.o(i.FLASH_ProgramHalfWord) refers to stm32f10x_flash.o(i.FLASH_WaitForLastOperation) for FLASH_WaitForLastOperation
    stm32f10x_flash.o(i.FLASH_ProgramOptionByteData) refers to stm32f10x_flash.o(i.FLASH_WaitForLastOperation) for FLASH_WaitForLastOperation
    stm32f10x_flash.o(i.FLASH_ProgramWord) refers to stm32f10x_flash.o(i.FLASH_WaitForLastOperation) for FLASH_WaitForLastOperation
    stm32f10x_flash.o(i.FLASH_ReadOutProtection) refers to stm32f10x_flash.o(i.FLASH_WaitForLastOperation) for FLASH_WaitForLastOperation
    stm32f10x_flash.o(i.FLASH_UserOptionByteConfig) refers to stm32f10x_flash.o(i.FLASH_WaitForLastOperation) for FLASH_WaitForLastOperation
    stm32f10x_flash.o(i.FLASH_WaitForLastBank1Operation) refers to stm32f10x_flash.o(i.FLASH_GetBank1Status) for FLASH_GetBank1Status
[...]
    ../clib/signal.c                         0x00000000   Number         0  defsig_general.o ABSOLUTE
    ../clib/signal.c                         0x00000000   Number         0  defsig_rtmem_formal.o ABSOLUTE
    ../clib/signal.c                         0x00000000   Number         0  defsig_abrt_inner.o ABSOLUTE
    ../clib/signal.c                         0x00000000   Number         0  defsig_fpe_inner.o ABSOLUTE
    ../clib/signal.c                         0x00000000   Number         0  defsig_rtred_inner.o ABSOLUTE
    ../clib/signal.c                         0x00000000   Number         0  defsig_other.o ABSOLUTE
    ../clib/signal.c                         0x00000000   Number         0  defsig_stak_inner.o ABSOLUTE
    ../clib/signal.c                         0x00000000   Number         0  defsig_pvfn_inner.o ABSOLUTE
    ../clib/signal.c                         0x00000000   Number         0  defsig_rtmem_outer.o ABSOLUTE
    ../clib/signal.c                         0x00000000   Number         0  defsig_segv_inner.o ABSOLUTE
    ../clib/signal.c                         0x00000000   Number         0  defsig_cppl_inner.o ABSOLUTE
    ../clib/signal.s                         0x00000000   Number         0  defsig.o ABSOLUTE
    ../clib/stdlib.c                         0x00000000   Number         0  exit.o ABSOLUTE
    ../fplib/dretinf.s                       0x00000000   Number         0  dretinf.o ABSOLUTE
    ../fplib/f2d.s                           0x00000000   Number         0  f2d.o ABSOLUTE
    ../fplib/faddsub.s                       0x00000000   Number         0  faddsub_clz.o ABSOLUTE
    ../fplib/fcmpi.s                         0x00000000   Number         0  fcmpi.o ABSOLUTE
    ../fplib/fdiv.s                          0x00000000   Number         0  fdiv.o ABSOLUTE
    ../fplib/ffix.s                          0x00000000   Number         0  ffix.o ABSOLUTE
    ../fplib/fflt.s                          0x00000000   Number         0  fflt_clz.o ABSOLUTE
    ../fplib/fleqf.s                         0x00000000   Number         0  fleqf.o ABSOLUTE
    ../fplib/fmul.s                          0x00000000   Number         0  fmul.o ABSOLUTE
    ../fplib/fnaninf.s                       0x00000000   Number         0  fnaninf.o ABSOLUTE
    ../fplib/fpinit.s                        0x00000000   Number         0  fpinit.o ABSOLUTE
    ../fplib/fretinf.s                       0x00000000   Number         0  fretinf.o ABSOLUTE
    ../fplib/frleqf.s                        0x00000000   Number         0  frleqf.o ABSOLUTE
    ../fplib/istatus.s                       0x00000000   Number         0  istatus.o ABSOLUTE
    ../fplib/printf1.s                       0x00000000   Number         0  printf1.o ABSOLUTE
    ../fplib/usenofp.s                       0x00000000   Number         0  usenofp.o ABSOLUTE
    ../mathlib/fpclassify.c                  0x00000000   Number         0  fpclassify.o ABSOLUTE
    ..\Hardware\control\control.c            0x00000000   Number         0  control.o ABSOLUTE
    ..\Hardware\gyro\gyro.c                  0x00000000   Number         0  gyro.o ABSOLUTE
    ..\Hardware\motor\motor.c                0x00000000   Number         0  motor.o ABSOLUTE
    ..\Hardware\motor\motor_encoder.c        0x00000000   Number         0  motor_encoder.o ABSOLUTE
    ..\Hardware\motor\motor_pwm.c            0x00000000   Number         0  motor_pwm.o ABSOLUTE
    ..\Hardware\nvic\bsp_nvic.c              0x00000000   Number         0  bsp_nvic.o ABSOLUTE
    ..\Hardware\oled\OLED.c                  0x00000000   Number         0  oled.o ABSOLUTE
    ..\Hardware\tim\bsp_tim.c                0x00000000   Number         0  bsp_tim.o ABSOLUTE
    ..\Libraries\CMSIS\core_cm3.c            0x00000000   Number         0  core_cm3.o ABSOLUTE
    ..\Libraries\CMSIS\startup\startup_stm32f10x_md.s 0x00000000   Number         0  startup_stm32f10x_md.o ABSOLUTE
    ..\Libraries\CMSIS\system_stm32f10x.c    0x00000000   Number         0  system_stm32f10x.o ABSOLUTE
    ..\Libraries\STM32F10x_StdPeriph_Driver\src\misc.c 0x00000000   Number         0  misc.o ABSOLUTE
    ..\Libraries\STM32F10x_StdPeriph_Driver\src\stm32f10x_adc.c 0x00000000   Number         0  stm32f10x_adc.o ABSOLUTE
    ..\Libraries\STM32F10x_StdPeriph_Driver\src\stm32f10x_bkp.c 0x00000000   Number         0  stm32f10x_bkp.o ABSOLUTE
    ..\Libraries\STM32F10x_StdPeriph_Driver\src\stm32f10x_can.c 0x00000000   Number         0  stm32f10x_can.o ABSOLUTE
    ..\Libraries\STM32F10x_StdPeriph_Driver\src\stm32f10x_cec.c 0x00000000   Number         0  stm32f10x_cec.o ABSOLUTE
    ..\Libraries\STM32F10x_StdPeriph_Driver\src\stm32f10x_crc.c 0x00000000   Number         0  stm32f10x_crc.o ABSOLUTE
    ..\Libraries\STM32F10x_StdPeriph_Driver\src\stm32f10x_dac.c 0x00000000   Number         0  stm32f10x_dac.o ABSOLUTE
    ..\Libraries\STM32F10x_StdPeriph_Driver\src\stm32f10x_dbgmcu.c 0x00000000   Number         0  stm32f10x_dbgmcu.o ABSOLUTE
    ..\Libraries\STM32F10x_StdPeriph_Driver\src\stm32f10x_dma.c 0x00000000   Number         0  stm32f10x_dma.o ABSOLUTE
    ..\Libraries\STM32F10x_StdPeriph_Driver\src\stm32f10x_exti.c 0x00000000   Number         0  stm32f10x_exti.o ABSOLUTE
    ..\Libraries\STM32F10x_StdPeriph_Driver\src\stm32f10x_flash.c 0x00000000   Number         0  stm32f10x_flash.o ABSOLUTE
    ..\Libraries\STM32F10x_StdPeriph_Driver\src\stm32f10x_fsmc.c 0x00000000   Number         0  stm32f10x_fsmc.o ABSOLUTE
    ..\Libraries\STM32F10x_StdPeriph_Driver\src\stm32f10x_gpio.c 0x00000000   Number         0  stm32f10x_gpio.o ABSOLUTE
    ..\Libraries\STM32F10x_StdPeriph_Driver\src\stm32f10x_i2c.c 0x00000000   Number         0  stm32f10x_i2c.o ABSOLUTE
    ..\Libraries\STM32F10x_StdPeriph_Driver\src\stm32f10x_iwdg.c 0x00000000   Number         0  stm32f10x_iwdg.o ABSOLUTE
    ..\Libraries\STM32F10x_StdPeriph_Driver\src\stm32f10x_pwr.c 0x00000000   Number         0  stm32f10x_pwr.o ABSOLUTE
    ..\Libraries\STM32F10x_StdPeriph_Driver\src\stm32f10x_rcc.c 0x00000000   Number         0  stm32f10x_rcc.o ABSOLUTE
    ..\Libraries\STM32F10x_StdPeriph_Driver\src\stm32f10x_rtc.c 0x00000000   Number         0  stm32f10x_rtc.o ABSOLUTE
    ..\Libraries\STM32F10x_StdPeriph_Driver\src\stm32f10x_sdio.c 0x00000000   Number         0  stm32f10x_sdio.o ABSOLUTE
    ..\Libraries\STM32F10x_StdPeriph_Driver\src\stm32f10x_spi.c 0x00000000   Number         0  stm32f10x_spi.o ABSOLUTE
    ..\Libraries\STM32F10x_StdPeriph_Driver\src\stm32f10x_tim.c 0x00000000   Number         0  stm32f10x_tim.o ABSOLUTE
    ..\Libraries\STM32F10x_StdPeriph_Driver\src\stm32f10x_usart.c 0x00000000   Number         0  stm32f10x_usart.o ABSOLUTE
    ..\Libraries\STM32F10x_StdPeriph_Driver\src\stm32f10x_wwdg.c 0x00000000   Number         0  stm32f10x_wwdg.o ABSOLUTE
    ..\Sys\delay\bsp_delay.c                 0x00000000   Number         0  bsp_delay.o ABSOLUTE
    ..\User\main.c                           0x00000000   Number         0  main.o ABSOLUTE
    ..\User\stm32f10x_it.c                   0x00000000   Number         0  stm32f10x_it.o ABSOLUTE
    ..\\Libraries\\CMSIS\\core_cm3.c         0x00000000   Number         0  core_cm3.o ABSOLUTE
    dc.s                                     0x00000000   Number         0  dc.o ABSOLUTE
    RESET                                    0x08000000   Section      236  startup_stm32f10x_md.o(RESET)
    !!!main                                  0x080000ec   Section        8  __main.o(!!!main)
    !!!scatter                               0x080000f4   Section       52  __scatter.o(!!!scatter)
    !!handler_copy                           0x08000128   Section       26  __scatter_copy.o(!!handler_copy)
    !!handler_zi                             0x08000144   Section       28  __scatter_zi.o(!!handler_zi)
    .ARM.Collect$$_printf_percent$$00000000  0x08000160   Section        0  _printf_percent.o(.ARM.Collect$$_printf_percent$$00000000)
    .ARM.Collect$$_printf_percent$$00000003  0x08000160   Section        6  _printf_f.o(.ARM.Collect$$_printf_percent$$00000003)
    .ARM.Collect$$_printf_percent$$00000017  0x08000166   Section        4  _printf_percent_end.o(.ARM.Collect$$_printf_percent$$00000017)
    .ARM.Collect$$libinit$$00000000          0x0800016a   Section        2  libinit.o(.ARM.Collect$$libinit$$00000000)
    .ARM.Collect$$libinit$$00000002          0x0800016c   Section        0  libinit2.o(.ARM.Collect$$libinit$$00000002)
    .ARM.Collect$$libinit$$00000004          0x0800016c   Section        0  libinit2.o(.ARM.Collect$$libinit$$00000004)
    .ARM.Collect$$libinit$$0000000A          0x0800016c   Section        0  libinit2.o(.ARM.Collect$$libinit$$0000000A)
    .ARM.Collect$$libinit$$0000000C          0x0800016c   Section        0  libinit2.o(.ARM.Collect$$libinit$$0000000C)
    .ARM.Collect$$libinit$$0000000E          0x0800016c   Section        0  libinit2.o(.ARM.Collect$$libinit$$0000000E)
    .ARM.Collect$$libinit$$0000000F          0x0800016c   Section        6  libinit2.o(.ARM.Collect$$libinit$$0000000F)
    .ARM.Collect$$libinit$$00000011          0x08000172   Section        0  libinit2.o(.ARM.Collect$$libinit$$00000011)
    .ARM.Collect$$libinit$$00000013          0x08000172   Section        0  libinit2.o(.ARM.Collect$$libinit$$00000013)
    .ARM.Collect$$libinit$$00000015          0x08000172   Section        0  libinit2.o(.ARM.Collect$$libinit$$00000015)
    .ARM.Collect$$libinit$$00000016          0x08000172   Section       10  libinit2.o(.ARM.Collect$$libinit$$00000016)
    .ARM.Collect$$libinit$$00000017          0x0800017c   Section        0  libinit2.o(.ARM.Collect$$libinit$$00000017)
    .ARM.Collect$$libinit$$00000019          0x0800017c   Section        0  libinit2.o(.ARM.Collect$$libinit$$00000019)
    .ARM.Collect$$libinit$$0000001B          0x0800017c   Section        0  libinit2.o(.ARM.Collect$$libinit$$0000001B)
    .ARM.Collect$$libinit$$0000001D          0x0800017c   Section        0  libinit2.o(.ARM.Collect$$libinit$$0000001D)
    .ARM.Collect$$libinit$$0000001F          0x0800017c   Section        0  libinit2.o(.ARM.Collect$$libinit$$0000001F)
    .ARM.Collect$$libinit$$00000021          0x0800017c   Section        0  libinit2.o(.ARM.Collect$$libinit$$00000021)
    .ARM.Collect$$libinit$$00000023          0x0800017c   Section        0  libinit2.o(.ARM.Collect$$libinit$$00000023)
    .ARM.Collect$$libinit$$00000025          0x0800017c   Section        0  libinit2.o(.ARM.Collect$$libinit$$00000025)
    .ARM.Collect$$libinit$$0000002C          0x0800017c   Section        0  libinit2.o(.ARM.Collect$$libinit$$0000002C)
    .ARM.Collect$$libinit$$0000002E          0x0800017c   Section        0  libinit2.o(.ARM.Collect$$libinit$$0000002E)
    .ARM.Collect$$libinit$$00000030          0x0800017c   Section        0  libinit2.o(.ARM.Collect$$libinit$$00000030)
    .ARM.Collect$$libinit$$00000032          0x0800017c   Section        0  libinit2.o(.ARM.Collect$$libinit$$00000032)
    .ARM.Collect$$libinit$$00000033          0x0800017c   Section        2  libinit2.o(.ARM.Collect$$libinit$$00000033)
    .ARM.Collect$$libshutdown$$00000000      0x0800017e   Section        2  libshutdown.o(.ARM.Collect$$libshutdown$$00000000)
    .ARM.Collect$$libshutdown$$00000003      0x08000180   Section        0  libshutdown2.o(.ARM.Collect$$libshutdown$$00000003)
    .ARM.Collect$$libshutdown$$00000006      0x08000180   Section        0  libshutdown2.o(.ARM.Collect$$libshutdown$$00000006)
    .ARM.Collect$$libshutdown$$00000009      0x08000180   Section        0  libshutdown2.o(.ARM.Collect$$libshutdown$$00000009)
    .ARM.Collect$$libshutdown$$0000000B      0x08000180   Section        0  libshutdown2.o(.ARM.Collect$$libshutdown$$0000000B)
    .ARM.Collect$$libshutdown$$0000000E      0x08000180   Section        0  libshutdown2.o(.ARM.Collect$$libshutdown$$0000000E)
    .ARM.Collect$$libshutdown$$0000000F      0x08000180   Section        2  libshutdown2.o(.ARM.Collect$$libshutdown$$0000000F)
    .ARM.Collect$$rtentry$$00000000          0x08000182   Section        0  __rtentry.o(.ARM.Collect$$rtentry$$00000000)
    .ARM.Collect$$rtentry$$00000002          0x08000182   Section        0  __rtentry2.o(.ARM.Collect$$rtentry$$00000002)
    .ARM.Collect$$rtentry$$00000004          0x08000182   Section        6  __rtentry4.o(.ARM.Collect$$rtentry$$00000004)
    .ARM.Collect$$rtentry$$00000009          0x08000188   Section        0  __rtentry2.o(.ARM.Collect$$rtentry$$00000009)
    .ARM.Collect$$rtentry$$0000000A          0x08000188   Section        4  __rtentry2.o(.ARM.Collect$$rtentry$$0000000A)
    .ARM.Collect$$rtentry$$0000000C          0x0800018c   Section        0  __rtentry2.o(.ARM.Collect$$rtentry$$0000000C)
    .ARM.Collect$$rtentry$$0000000D          0x0800018c   Section        8  __rtentry2.o(.ARM.Collect$$rtentry$$0000000D)
    .ARM.Collect$$rtexit$$00000000           0x08000194   Section        2  rtexit.o(.ARM.Collect$$rtexit$$00000000)
    .ARM.Collect$$rtexit$$00000002           0x08000196   Section        0  rtexit2.o(.ARM.Collect$$rtexit$$00000002)
    .ARM.Collect$$rtexit$$00000003           0x08000196   Section        4  rtexit2.o(.ARM.Collect$$rtexit$$00000003)
    .ARM.Collect$$rtexit$$00000004           0x0800019a   Section        6  rtexit2.o(.ARM.Collect$$rtexit$$00000004)
    .text                                    0x080001a0   Section       64  startup_stm32f10x_md.o(.text)
    .text                                    0x080001e0   Section        0  noretval__2sprintf.o(.text)
    .text                                    0x08000208   Section        0  __printf_wp.o(.text)
    .text                                    0x08000316   Section       16  aeabi_memset.o(.text)
    .text                                    0x08000326   Section        0  heapauxi.o(.text)
    .text                                    0x0800032c   Section        0  _printf_fp_dec.o(.text)
    _fp_digits                               0x0800032f   Thumb Code   428  _printf_fp_dec.o(.text)
    .text                                    0x08000748   Section        0  _printf_char_common.o(.text)
    _printf_input_char                       0x08000749   Thumb Code    10  _printf_char_common.o(.text)
    .text                                    0x08000778   Section        0  _sputc.o(.text)
    .text                                    0x08000782   Section       68  rt_memclr.o(.text)
    .text                                    0x080007c8   Section        8  rt_locale_intlibspace.o(.text)
    .text                                    0x080007d0   Section      138  lludiv10.o(.text)
    .text                                    0x0800085c   Section        0  _printf_fp_infnan.o(.text)
    .text                                    0x080008dc   Section        0  bigflt0.o(.text)
    .text                                    0x080009b8   Section       78  rt_memclr_w.o(.text)
    .text                                    0x08000a08   Section        8  libspace.o(.text)
    .text                                    0x08000a10   Section       74  sys_stackheap_outer.o(.text)
    .text                                    0x08000a5a   Section        0  exit.o(.text)
    .text                                    0x08000a68   Section      128  strcmpv7m.o(.text)
    .text                                    0x08000ae8   Section        0  sys_exit.o(.text)
    .text                                    0x08000af4   Section        2  use_no_semi.o(.text)
    .text                                    0x08000af6   Section        0  indicate_semi.o(.text)
    CL$$btod_d2e                             0x08000af6   Section       62  btod.o(CL$$btod_d2e)
    CL$$btod_d2e_denorm_low                  0x08000b34   Section       70  btod.o(CL$$btod_d2e_denorm_low)
    CL$$btod_d2e_norm_op1                    0x08000b7a   Section       96  btod.o(CL$$btod_d2e_norm_op1)
    CL$$btod_div_common                      0x08000bda   Section      824  btod.o(CL$$btod_div_common)
    CL$$btod_e2e                             0x08000f12   Section      198  btod.o(CL$$btod_e2e)
    CL$$btod_ediv                            0x08000fd8   Section       40  btod.o(CL$$btod_ediv)
    CL$$btod_emul                            0x08001000   Section       40  btod.o(CL$$btod_emul)
    CL$$btod_mult_common                     0x08001028   Section      580  btod.o(CL$$btod_mult_common)
    i.BusFault_Handler                       0x0800126c   Section        0  stm32f10x_it.o(i.BusFault_Handler)
    i.Control_GetAngle                       0x08001270   Section        0  gyro.o(i.Control_GetAngle)
    i.DebugMon_Handler                       0x080013f0   Section        0  stm32f10x_it.o(i.DebugMon_Handler)
    i.Encoder_Motor_Init                     0x080013f2   Section        0  motor_encoder.o(i.Encoder_Motor_Init)
    i.Encoder_TIM2_Init                      0x08001400   Section        0  motor_encoder.o(i.Encoder_TIM2_Init)
    i.Encoder_TIM4_Init                      0x080014a0   Section        0  motor_encoder.o(i.Encoder_TIM4_Init)
    i.GPIO_Init                              0x0800153c   Section        0  stm32f10x_gpio.o(i.GPIO_Init)
    i.GPIO_WriteBit                          0x08001652   Section        0  stm32f10x_gpio.o(i.GPIO_WriteBit)
    i.Gyro_GetRxFlag                         0x0800165c   Section        0  gyro.o(i.Gyro_GetRxFlag)
    i.Gyro_Init                              0x08001678   Section        0  gyro.o(i.Gyro_Init)
    i.Gyro_USART_Config                      0x08001698   Section        0  gyro.o(i.Gyro_USART_Config)
    i.Gyro_WriteByte                         0x08001724   Section        0  gyro.o(i.Gyro_WriteByte)
    i.Gyro_WriteCmd                          0x08001744   Section        0  gyro.o(i.Gyro_WriteCmd)
    i.HardFault_Handler                      0x0800175c   Section        0  stm32f10x_it.o(i.HardFault_Handler)
    i.Limit                                  0x08001760   Section        0  motor.o(i.Limit)
    i.Load                                   0x0800179c   Section        0  motor.o(i.Load)
    i.MemManage_Handler                      0x08001834   Section        0  stm32f10x_it.o(i.MemManage_Handler)
    i.Motor_GPIO_Config                      0x08001838   Section        0  motor.o(i.Motor_GPIO_Config)
    i.Motor_Init                             0x080018ac   Section        0  motor.o(i.Motor_Init)
    i.NMI_Handler                            0x080018bc   Section        0  stm32f10x_it.o(i.NMI_Handler)
    i.NVIC_Config                            0x080018be   Section        0  bsp_nvic.o(i.NVIC_Config)
    i.NVIC_Init                              0x08001904   Section        0  misc.o(i.NVIC_Init)
    i.NVIC_PriorityGroupConfig               0x08001974   Section        0  misc.o(i.NVIC_PriorityGroupConfig)
    i.OLED_Clear                             0x08001988   Section        0  oled.o(i.OLED_Clear)
    i.OLED_I2C_Init                          0x080019b4   Section        0  oled.o(i.OLED_I2C_Init)
    i.OLED_I2C_SendByte                      0x08001a04   Section        0  oled.o(i.OLED_I2C_SendByte)
    i.OLED_I2C_Start                         0x08001a58   Section        0  oled.o(i.OLED_I2C_Start)
    i.OLED_I2C_Stop                          0x08001a8c   Section        0  oled.o(i.OLED_I2C_Stop)
    i.OLED_Init                              0x08001ab4   Section        0  oled.o(i.OLED_Init)
    i.OLED_SetCursor                         0x08001b62   Section        0  oled.o(i.OLED_SetCursor)
    i.OLED_ShowChar                          0x08001b84   Section        0  oled.o(i.OLED_ShowChar)
    i.OLED_ShowString                        0x08001bf8   Section        0  oled.o(i.OLED_ShowString)
    i.OLED_Showfloat                         0x08001c20   Section        0  oled.o(i.OLED_Showfloat)
    i.OLED_WriteCommand                      0x08001c54   Section        0  oled.o(i.OLED_WriteCommand)
    i.OLED_WriteData                         0x08001c74   Section        0  oled.o(i.OLED_WriteData)
    i.PWM_Init                               0x08001c94   Section        0  motor_pwm.o(i.PWM_Init)
    i.PendSV_Handler                         0x08001d50   Section        0  stm32f10x_it.o(i.PendSV_Handler)
    i.RCC_APB1PeriphClockCmd                 0x08001d54   Section        0  stm32f10x_rcc.o(i.RCC_APB1PeriphClockCmd)
    i.RCC_APB2PeriphClockCmd                 0x08001d74   Section        0  stm32f10x_rcc.o(i.RCC_APB2PeriphClockCmd)
    i.RCC_GetClocksFreq                      0x08001d94   Section        0  stm32f10x_rcc.o(i.RCC_GetClocksFreq)
    i.Read_Speed                             0x08001e68   Section        0  motor_encoder.o(i.Read_Speed)
    i.SVC_Handler                            0x08001eac   Section        0  stm32f10x_it.o(i.SVC_Handler)
    i.SetSysClock                            0x08001eae   Section        0  system_stm32f10x.o(i.SetSysClock)
    SetSysClock                              0x08001eaf   Thumb Code     8  system_stm32f10x.o(i.SetSysClock)
    i.SetSysClockTo72                        0x08001eb8   Section        0  system_stm32f10x.o(i.SetSysClockTo72)
    SetSysClockTo72                          0x08001eb9   Thumb Code   214  system_stm32f10x.o(i.SetSysClockTo72)
    i.SysTick_Handler                        0x08001f98   Section        0  stm32f10x_it.o(i.SysTick_Handler)
    i.SystemInit                             0x08001f9c   Section        0  system_stm32f10x.o(i.SystemInit)
    i.TI1_Config                             0x08001ffc   Section        0  stm32f10x_tim.o(i.TI1_Config)
    TI1_Config                               0x08001ffd   Thumb Code   108  stm32f10x_tim.o(i.TI1_Config)
    i.TI2_Config                             0x0800207c   Section        0  stm32f10x_tim.o(i.TI2_Config)
    TI2_Config                               0x0800207d   Thumb Code   130  stm32f10x_tim.o(i.TI2_Config)
    i.TI3_Config                             0x08002114   Section        0  stm32f10x_tim.o(i.TI3_Config)
    TI3_Config                               0x08002115   Thumb Code   122  stm32f10x_tim.o(i.TI3_Config)
    i.TI4_Config                             0x080021a4   Section        0  stm32f10x_tim.o(i.TI4_Config)
    TI4_Config                               0x080021a5   Thumb Code   130  stm32f10x_tim.o(i.TI4_Config)
    i.TIM2_IRQHandler                        0x0800223c   Section        0  motor_encoder.o(i.TIM2_IRQHandler)
    i.TIM3_IRQHandler                        0x08002254   Section        0  control.o(i.TIM3_IRQHandler)
    i.TIM3_Init                              0x08002384   Section        0  bsp_tim.o(i.TIM3_Init)
    i.TIM4_IRQHandler                        0x080023d0   Section        0  motor_encoder.o(i.TIM4_IRQHandler)
    i.TIM_ARRPreloadConfig                   0x080023ec   Section        0  stm32f10x_tim.o(i.TIM_ARRPreloadConfig)
    i.TIM_ClearFlag                          0x08002404   Section        0  stm32f10x_tim.o(i.TIM_ClearFlag)
    i.TIM_ClearITPendingBit                  0x0800240a   Section        0  stm32f10x_tim.o(i.TIM_ClearITPendingBit)
    i.TIM_Cmd                                0x08002410   Section        0  stm32f10x_tim.o(i.TIM_Cmd)
    i.TIM_CtrlPWMOutputs                     0x08002428   Section        0  stm32f10x_tim.o(i.TIM_CtrlPWMOutputs)
    i.TIM_EncoderInterfaceConfig             0x08002446   Section        0  stm32f10x_tim.o(i.TIM_EncoderInterfaceConfig)
    i.TIM_GetCounter                         0x08002488   Section        0  stm32f10x_tim.o(i.TIM_GetCounter)
    i.TIM_GetITStatus                        0x0800248e   Section        0  stm32f10x_tim.o(i.TIM_GetITStatus)
    i.TIM_ICInit                             0x080024b0   Section        0  stm32f10x_tim.o(i.TIM_ICInit)
    i.TIM_ICStructInit                       0x0800255c   Section        0  stm32f10x_tim.o(i.TIM_ICStructInit)
    i.TIM_ITConfig                           0x0800256e   Section        0  stm32f10x_tim.o(i.TIM_ITConfig)
    i.TIM_OC1Init                            0x08002580   Section        0  stm32f10x_tim.o(i.TIM_OC1Init)
    i.TIM_OC1PreloadConfig                   0x08002618   Section        0  stm32f10x_tim.o(i.TIM_OC1PreloadConfig)
    i.TIM_OC4Init                            0x0800262c   Section        0  stm32f10x_tim.o(i.TIM_OC4Init)
    i.TIM_OC4PreloadConfig                   0x080026a8   Section        0  stm32f10x_tim.o(i.TIM_OC4PreloadConfig)
    i.TIM_SetCompare1                        0x080026c2   Section        0  stm32f10x_tim.o(i.TIM_SetCompare1)
    i.TIM_SetCompare4                        0x080026c6   Section        0  stm32f10x_tim.o(i.TIM_SetCompare4)
    i.TIM_SetCounter                         0x080026cc   Section        0  stm32f10x_tim.o(i.TIM_SetCounter)
    i.TIM_SetIC1Prescaler                    0x080026d0   Section        0  stm32f10x_tim.o(i.TIM_SetIC1Prescaler)
    i.TIM_SetIC2Prescaler                    0x080026e2   Section        0  stm32f10x_tim.o(i.TIM_SetIC2Prescaler)
    i.TIM_SetIC3Prescaler                    0x080026fc   Section        0  stm32f10x_tim.o(i.TIM_SetIC3Prescaler)
    i.TIM_SetIC4Prescaler                    0x0800270e   Section        0  stm32f10x_tim.o(i.TIM_SetIC4Prescaler)
    i.TIM_TimeBaseInit                       0x08002728   Section        0  stm32f10x_tim.o(i.TIM_TimeBaseInit)
    i.TIM_TimeBaseStructInit                 0x080027cc   Section        0  stm32f10x_tim.o(i.TIM_TimeBaseStructInit)
    i.Turn                                   0x080027e0   Section        0  control.o(i.Turn)
    i.USART2_IRQHandler                      0x0800282c   Section        0  gyro.o(i.USART2_IRQHandler)
    i.USART_ClearITPendingBit                0x0800290c   Section        0  stm32f10x_usart.o(i.USART_ClearITPendingBit)
    i.USART_Cmd                              0x0800292a   Section        0  stm32f10x_usart.o(i.USART_Cmd)
    i.USART_GetFlagStatus                    0x08002942   Section        0  stm32f10x_usart.o(i.USART_GetFlagStatus)
    i.USART_GetITStatus                      0x0800295c   Section        0  stm32f10x_usart.o(i.USART_GetITStatus)
    i.USART_ITConfig                         0x080029b0   Section        0  stm32f10x_usart.o(i.USART_ITConfig)
    i.USART_Init                             0x080029fc   Section        0  stm32f10x_usart.o(i.USART_Init)
    i.USART_ReceiveData                      0x08002ad4   Section        0  stm32f10x_usart.o(i.USART_ReceiveData)
    i.USART_SendData                         0x08002ade   Section        0  stm32f10x_usart.o(i.USART_SendData)
    i.UsageFault_Handler                     0x08002ae6   Section        0  stm32f10x_it.o(i.UsageFault_Handler)
    i.Velocity                               0x08002aec   Section        0  control.o(i.Velocity)
    i.Vertical                               0x08002c08   Section        0  control.o(i.Vertical)
    i.__ARM_fpclassify                       0x08002c5c   Section        0  fpclassify.o(i.__ARM_fpclassify)
    i._is_digit                              0x08002c84   Section        0  __printf_wp.o(i._is_digit)
    i.main                                   0x08002c94   Section        0  main.o(i.main)
    locale$$code                             0x08002d40   Section       44  lc_numeric_c.o(locale$$code)
    x$fpl$dretinf                            0x08002d6c   Section       12  dretinf.o(x$fpl$dretinf)
    x$fpl$f2d                                0x08002d78   Section       86  f2d.o(x$fpl$f2d)
    x$fpl$fadd                               0x08002dd0   Section      196  faddsub_clz.o(x$fpl$fadd)
    _fadd1                                   0x08002ddf   Thumb Code     0  faddsub_clz.o(x$fpl$fadd)
    x$fpl$fdiv                               0x08002e94   Section      388  fdiv.o(x$fpl$fdiv)
    _fdiv1                                   0x08002e95   Thumb Code     0  fdiv.o(x$fpl$fdiv)
    x$fpl$ffix                               0x08003018   Section       54  ffix.o(x$fpl$ffix)
    x$fpl$fflt                               0x08003050   Section       48  fflt_clz.o(x$fpl$fflt)
    x$fpl$fmul                               0x08003080   Section      258  fmul.o(x$fpl$fmul)
    x$fpl$fnaninf                            0x08003182   Section      140  fnaninf.o(x$fpl$fnaninf)
    x$fpl$fretinf                            0x0800320e   Section       10  fretinf.o(x$fpl$fretinf)
    x$fpl$frsb                               0x08003218   Section       20  faddsub_clz.o(x$fpl$frsb)
    x$fpl$fsub                               0x0800322c   Section      234  faddsub_clz.o(x$fpl$fsub)
    _fsub1                                   0x0800323b   Thumb Code     0  faddsub_clz.o(x$fpl$fsub)
    x$fpl$printf1                            0x08003316   Section        4  printf1.o(x$fpl$printf1)
    .constdata                               0x0800331a   Section     2072  oled.o(.constdata)
    x$fpl$usenofp                            0x0800331a   Section        0  usenofp.o(x$fpl$usenofp)
    .constdata                               0x08003b34   Section      148  bigflt0.o(.constdata)
    tenpwrs_x                                0x08003b34   Data          60  bigflt0.o(.constdata)
    tenpwrs_i                                0x08003b70   Data          64  bigflt0.o(.constdata)
    locale$$data                             0x08003be8   Section       28  lc_numeric_c.o(locale$$data)
    __lcnum_c_name                           0x08003bec   Data           2  lc_numeric_c.o(locale$$data)
    __lcnum_c_start                          0x08003bf4   Data           0  lc_numeric_c.o(locale$$data)
    __lcnum_c_point                          0x08003c00   Data           0  lc_numeric_c.o(locale$$data)
    __lcnum_c_thousands                      0x08003c02   Data           0  lc_numeric_c.o(locale$$data)
    __lcnum_c_grouping                       0x08003c03   Data           0  lc_numeric_c.o(locale$$data)
    __lcnum_c_end                            0x08003c04   Data           0  lc_numeric_c.o(locale$$data)
    .data                                    0x20000000   Section       20  stm32f10x_rcc.o(.data)
    APBAHBPrescTable                         0x20000000   Data          16  stm32f10x_rcc.o(.data)
    ADCPrescTable                            0x20000010   Data           4  stm32f10x_rcc.o(.data)
    .data                                    0x20000014   Section        4  gyro.o(.data)
    RxState                                  0x20000015   Data           1  gyro.o(.data)
    RxClassState                             0x20000016   Data           1  gyro.o(.data)
    pRxPacket                                0x20000017   Data           1  gyro.o(.data)
    .data                                    0x20000018   Section       88  control.o(.data)
    PWM_out                                  0x20000058   Data           4  control.o(.data)
    Encoder_Err                              0x2000005c   Data           4  control.o(.data)
    Encoder_S                                0x20000060   Data           4  control.o(.data)
    EnC_Err_Lowout                           0x20000064   Data           4  control.o(.data)
    EnC_Err_Lowout_last                      0x20000068   Data           4  control.o(.data)
    T_2                                      0x2000006c   Data           2  control.o(.data)
    T_3                                      0x2000006e   Data           2  control.o(.data)
    .bss                                     0x20000070   Section       18  gyro.o(.bss)
    .bss                                     0x20000084   Section       36  control.o(.bss)
    .bss                                     0x200000a8   Section       96  libspace.o(.bss)
    HEAP                                     0x20000108   Section      512  startup_stm32f10x_md.o(HEAP)
    Heap_Mem                                 0x20000108   Data         512  startup_stm32f10x_md.o(HEAP)
    STACK                                    0x20000308   Section     1024  startup_stm32f10x_md.o(STACK)
    Stack_Mem                                0x20000308   Data        1024  startup_stm32f10x_md.o(STACK)
    __initial_sp                             0x20000708   Data           0  startup_stm32f10x_md.o(STACK)

    Global Symbols

    Symbol Name                              Value     Ov Type        Size  Object(Section)

    BuildAttributes$$THM_ISAv4$P$D$K$B$S$PE$A:L22UL41UL21$X:L11$S22US41US21$IEEE1$IW$USESV6$~STKCKD$USESV7$~SHL$OTIME$ROPI$IEEEJ$EBA8$UX$STANDARDLIB$REQ8$PRES8$EABIv2 0x00000000   Number         0  anon$$obj.o ABSOLUTE
    __ARM_use_no_argv                        0x00000000   Number         0  main.o ABSOLUTE
    _printf_flags                            0x00000000   Number         0  printf_stubs.o ABSOLUTE
    _printf_return_value                     0x00000000   Number         0  printf_stubs.o ABSOLUTE
    _printf_sizespec                         0x00000000   Number         0  printf_stubs.o ABSOLUTE
    _printf_widthprec                        0x00000000   Number         0  printf_stubs.o ABSOLUTE
    __ARM_exceptions_init                     - Undefined Weak Reference
    __alloca_initialize                       - Undefined Weak Reference
    __arm_preinit_                            - Undefined Weak Reference
    __cpp_initialize__aeabi_                  - Undefined Weak Reference
    __cxa_finalize                            - Undefined Weak Reference
    __sigvec_lookup                           - Undefined Weak Reference
    _atexit_init                              - Undefined Weak Reference
    _call_atexit_fns                          - Undefined Weak Reference
    _clock_init                               - Undefined Weak Reference
    _fp_trap_init                             - Undefined Weak Reference
    _fp_trap_shutdown                         - Undefined Weak Reference
    _get_lc_collate                           - Undefined Weak Reference
    _get_lc_ctype                             - Undefined Weak Reference
    _get_lc_monetary                          - Undefined Weak Reference
    _get_lc_time                              - Undefined Weak Reference
    _getenv_init                              - Undefined Weak Reference
    _handle_redirection                       - Undefined Weak Reference
    _init_alloc                               - Undefined Weak Reference
    _init_user_alloc                          - Undefined Weak Reference
    _initio                                   - Undefined Weak Reference
    _printf_post_padding                      - Undefined Weak Reference
    _printf_pre_padding                       - Undefined Weak Reference
    _rand_init                                - Undefined Weak Reference
    _signal_finish                            - Undefined Weak Reference
    _signal_init                              - Undefined Weak Reference
    _terminate_alloc                          - Undefined Weak Reference
    _terminate_user_alloc                     - Undefined Weak Reference
    _terminateio                              - Undefined Weak Reference
    __Vectors_Size                           0x000000ec   Number         0  startup_stm32f10x_md.o ABSOLUTE
    __Vectors                                0x08000000   Data           4  startup_stm32f10x_md.o(RESET)
    __Vectors_End                            0x080000ec   Data           0  startup_stm32f10x_md.o(RESET)
    __main                                   0x080000ed   Thumb Code     8  __main.o(!!!main)
    __scatterload                            0x080000f5   Thumb Code     0  __scatter.o(!!!scatter)
    __scatterload_rt2                        0x080000f5   Thumb Code    44  __scatter.o(!!!scatter)
    __scatterload_rt2_thumb_only             0x080000f5   Thumb Code     0  __scatter.o(!!!scatter)
    __scatterload_null                       0x08000103   Thumb Code     0  __scatter.o(!!!scatter)
    __scatterload_copy                       0x08000129   Thumb Code    26  __scatter_copy.o(!!handler_copy)
    __scatterload_zeroinit                   0x08000145   Thumb Code    28  __scatter_zi.o(!!handler_zi)
    _printf_f                                0x08000161   Thumb Code     0  _printf_f.o(.ARM.Collect$$_printf_percent$$00000003)
    _printf_percent                          0x08000161   Thumb Code     0  _printf_percent.o(.ARM.Collect$$_printf_percent$$00000000)
    _printf_percent_end                      0x08000167   Thumb Code     0  _printf_percent_end.o(.ARM.Collect$$_printf_percent$$00000017)
    __rt_lib_init                            0x0800016b   Thumb Code     0  libinit.o(.ARM.Collect$$libinit$$00000000)
    __rt_lib_init_fp_1                       0x0800016d   Thumb Code     0  libinit2.o(.ARM.Collect$$libinit$$00000002)
    __rt_lib_init_heap_1                     0x0800016d   Thumb Code     0  libinit2.o(.ARM.Collect$$libinit$$0000000A)
    __rt_lib_init_lc_common                  0x0800016d   Thumb Code     0  libinit2.o(.ARM.Collect$$libinit$$0000000F)
    __rt_lib_init_preinit_1                  0x0800016d   Thumb Code     0  libinit2.o(.ARM.Collect$$libinit$$00000004)
    __rt_lib_init_rand_1                     0x0800016d   Thumb Code     0  libinit2.o(.ARM.Collect$$libinit$$0000000E)
    __rt_lib_init_user_alloc_1               0x0800016d   Thumb Code     0  libinit2.o(.ARM.Collect$$libinit$$0000000C)
    __rt_lib_init_lc_collate_1               0x08000173   Thumb Code     0  libinit2.o(.ARM.Collect$$libinit$$00000011)
    __rt_lib_init_lc_ctype_1                 0x08000173   Thumb Code     0  libinit2.o(.ARM.Collect$$libinit$$00000013)
    __rt_lib_init_lc_monetary_1              0x08000173   Thumb Code     0  libinit2.o(.ARM.Collect$$libinit$$00000015)
    __rt_lib_init_lc_numeric_2               0x08000173   Thumb Code     0  libinit2.o(.ARM.Collect$$libinit$$00000016)
    __rt_lib_init_alloca_1                   0x0800017d   Thumb Code     0  libinit2.o(.ARM.Collect$$libinit$$0000002E)
    __rt_lib_init_argv_1                     0x0800017d   Thumb Code     0  libinit2.o(.ARM.Collect$$libinit$$0000002C)
    __rt_lib_init_atexit_1                   0x0800017d   Thumb Code     0  libinit2.o(.ARM.Collect$$libinit$$0000001B)
    __rt_lib_init_clock_1                    0x0800017d   Thumb Code     0  libinit2.o(.ARM.Collect$$libinit$$00000021)
    __rt_lib_init_cpp_1                      0x0800017d   Thumb Code     0  libinit2.o(.ARM.Collect$$libinit$$00000032)
    __rt_lib_init_exceptions_1               0x0800017d   Thumb Code     0  libinit2.o(.ARM.Collect$$libinit$$00000030)
    __rt_lib_init_fp_trap_1                  0x0800017d   Thumb Code     0  libinit2.o(.ARM.Collect$$libinit$$0000001F)
    __rt_lib_init_getenv_1                   0x0800017d   Thumb Code     0  libinit2.o(.ARM.Collect$$libinit$$00000023)
    __rt_lib_init_lc_numeric_1               0x0800017d   Thumb Code     0  libinit2.o(.ARM.Collect$$libinit$$00000017)
    __rt_lib_init_lc_time_1                  0x0800017d   Thumb Code     0  libinit2.o(.ARM.Collect$$libinit$$00000019)
    __rt_lib_init_return                     0x0800017d   Thumb Code     0  libinit2.o(.ARM.Collect$$libinit$$00000033)
    __rt_lib_init_signal_1                   0x0800017d   Thumb Code     0  libinit2.o(.ARM.Collect$$libinit$$0000001D)
    __rt_lib_init_stdio_1                    0x0800017d   Thumb Code     0  libinit2.o(.ARM.Collect$$libinit$$00000025)
    __rt_lib_shutdown                        0x0800017f   Thumb Code     0  libshutdown.o(.ARM.Collect$$libshutdown$$00000000)
    __rt_lib_shutdown_fp_trap_1              0x08000181   Thumb Code     0  libshutdown2.o(.ARM.Collect$$libshutdown$$00000006)
    __rt_lib_shutdown_heap_1                 0x08000181   Thumb Code     0  libshutdown2.o(.ARM.Collect$$libshutdown$$0000000E)
    __rt_lib_shutdown_return                 0x08000181   Thumb Code     0  libshutdown2.o(.ARM.Collect$$libshutdown$$0000000F)
    __rt_lib_shutdown_signal_1               0x08000181   Thumb Code     0  libshutdown2.o(.ARM.Collect$$libshutdown$$00000009)
    __rt_lib_shutdown_stdio_1                0x08000181   Thumb Code     0  libshutdown2.o(.ARM.Collect$$libshutdown$$00000003)
    __rt_lib_shutdown_user_alloc_1           0x08000181   Thumb Code     0  libshutdown2.o(.ARM.Collect$$libshutdown$$0000000B)
    __rt_entry                               0x08000183   Thumb Code     0  __rtentry.o(.ARM.Collect$$rtentry$$00000000)
    __rt_entry_presh_1                       0x08000183   Thumb Code     0  __rtentry2.o(.ARM.Collect$$rtentry$$00000002)
    __rt_entry_sh                            0x08000183   Thumb Code     0  __rtentry4.o(.ARM.Collect$$rtentry$$00000004)
    __rt_entry_li                            0x08000189   Thumb Code     0  __rtentry2.o(.ARM.Collect$$rtentry$$0000000A)
    __rt_entry_postsh_1                      0x08000189   Thumb Code     0  __rtentry2.o(.ARM.Collect$$rtentry$$00000009)
    __rt_entry_main                          0x0800018d   Thumb Code     0  __rtentry2.o(.ARM.Collect$$rtentry$$0000000D)
    __rt_entry_postli_1                      0x0800018d   Thumb Code     0  __rtentry2.o(.ARM.Collect$$rtentry$$0000000C)
    __rt_exit                                0x08000195   Thumb Code     0  rtexit.o(.ARM.Collect$$rtexit$$00000000)
    __rt_exit_ls                             0x08000197   Thumb Code     0  rtexit2.o(.ARM.Collect$$rtexit$$00000003)
    __rt_exit_prels_1                        0x08000197   Thumb Code     0  rtexit2.o(.ARM.Collect$$rtexit$$00000002)
    __rt_exit_exit                           0x0800019b   Thumb Code     0  rtexit2.o(.ARM.Collect$$rtexit$$00000004)
    Reset_Handler                            0x080001a1   Thumb Code     8  startup_stm32f10x_md.o(.text)
    ADC1_2_IRQHandler                        0x080001bb   Thumb Code     0  startup_stm32f10x_md.o(.text)
    CAN1_RX1_IRQHandler                      0x080001bb   Thumb Code     0  startup_stm32f10x_md.o(.text)
    CAN1_SCE_IRQHandler                      0x080001bb   Thumb Code     0  startup_stm32f10x_md.o(.text)
    DMA1_Channel1_IRQHandler                 0x080001bb   Thumb Code     0  startup_stm32f10x_md.o(.text)
    DMA1_Channel2_IRQHandler                 0x080001bb   Thumb Code     0  startup_stm32f10x_md.o(.text)
    DMA1_Channel3_IRQHandler                 0x080001bb   Thumb Code     0  startup_stm32f10x_md.o(.text)
    DMA1_Channel4_IRQHandler                 0x080001bb   Thumb Code     0  startup_stm32f10x_md.o(.text)
    DMA1_Channel5_IRQHandler                 0x080001bb   Thumb Code     0  startup_stm32f10x_md.o(.text)
    DMA1_Channel6_IRQHandler                 0x080001bb   Thumb Code     0  startup_stm32f10x_md.o(.text)
    DMA1_Channel7_IRQHandler                 0x080001bb   Thumb Code     0  startup_stm32f10x_md.o(.text)
    EXTI0_IRQHandler                         0x080001bb   Thumb Code     0  startup_stm32f10x_md.o(.text)
    EXTI15_10_IRQHandler                     0x080001bb   Thumb Code     0  startup_stm32f10x_md.o(.text)
    EXTI1_IRQHandler                         0x080001bb   Thumb Code     0  startup_stm32f10x_md.o(.text)
    EXTI2_IRQHandler                         0x080001bb   Thumb Code     0  startup_stm32f10x_md.o(.text)
    EXTI3_IRQHandler                         0x080001bb   Thumb Code     0  startup_stm32f10x_md.o(.text)
    EXTI4_IRQHandler                         0x080001bb   Thumb Code     0  startup_stm32f10x_md.o(.text)
    EXTI9_5_IRQHandler                       0x080001bb   Thumb Code     0  startup_stm32f10x_md.o(.text)
    FLASH_IRQHandler                         0x080001bb   Thumb Code     0  startup_stm32f10x_md.o(.text)
    I2C1_ER_IRQHandler                       0x080001bb   Thumb Code     0  startup_stm32f10x_md.o(.text)
    I2C1_EV_IRQHandler                       0x080001bb   Thumb Code     0  startup_stm32f10x_md.o(.text)
    I2C2_ER_IRQHandler                       0x080001bb   Thumb Code     0  startup_stm32f10x_md.o(.text)
    I2C2_EV_IRQHandler                       0x080001bb   Thumb Code     0  startup_stm32f10x_md.o(.text)
    PVD_IRQHandler                           0x080001bb   Thumb Code     0  startup_stm32f10x_md.o(.text)
    RCC_IRQHandler                           0x080001bb   Thumb Code     0  startup_stm32f10x_md.o(.text)
    RTCAlarm_IRQHandler                      0x080001bb   Thumb Code     0  startup_stm32f10x_md.o(.text)
    RTC_IRQHandler                           0x080001bb   Thumb Code     0  startup_stm32f10x_md.o(.text)
    SPI1_IRQHandler                          0x080001bb   Thumb Code     0  startup_stm32f10x_md.o(.text)
    SPI2_IRQHandler                          0x080001bb   Thumb Code     0  startup_stm32f10x_md.o(.text)
    TAMPER_IRQHandler                        0x080001bb   Thumb Code     0  startup_stm32f10x_md.o(.text)
    TIM1_BRK_IRQHandler                      0x080001bb   Thumb Code     0  startup_stm32f10x_md.o(.text)
    TIM1_CC_IRQHandler                       0x080001bb   Thumb Code     0  startup_stm32f10x_md.o(.text)
    TIM1_TRG_COM_IRQHandler                  0x080001bb   Thumb Code     0  startup_stm32f10x_md.o(.text)
    TIM1_UP_IRQHandler                       0x080001bb   Thumb Code     0  startup_stm32f10x_md.o(.text)
    USART1_IRQHandler                        0x080001bb   Thumb Code     0  startup_stm32f10x_md.o(.text)
    USART3_IRQHandler                        0x080001bb   Thumb Code     0  startup_stm32f10x_md.o(.text)
    USBWakeUp_IRQHandler                     0x080001bb   Thumb Code     0  startup_stm32f10x_md.o(.text)
    USB_HP_CAN1_TX_IRQHandler                0x080001bb   Thumb Code     0  startup_stm32f10x_md.o(.text)
    USB_LP_CAN1_RX0_IRQHandler               0x080001bb   Thumb Code     0  startup_stm32f10x_md.o(.text)
    WWDG_IRQHandler                          0x080001bb   Thumb Code     0  startup_stm32f10x_md.o(.text)
    __user_initial_stackheap                 0x080001bd   Thumb Code     0  startup_stm32f10x_md.o(.text)
    __2sprintf                               0x080001e1   Thumb Code    34  noretval__2sprintf.o(.text)
    __printf                                 0x08000209   Thumb Code   270  __printf_wp.o(.text)
    __aeabi_memset                           0x08000317   Thumb Code    16  aeabi_memset.o(.text)
    __use_two_region_memory                  0x08000327   Thumb Code     2  heapauxi.o(.text)
    __rt_heap_escrow$2region                 0x08000329   Thumb Code     2  heapauxi.o(.text)
    __rt_heap_expand$2region                 0x0800032b   Thumb Code     2  heapauxi.o(.text)
    __lib_sel_fp_printf                      0x0800032d   Thumb Code     2  _printf_fp_dec.o(.text)
    _printf_fp_dec_real                      0x080004db   Thumb Code   620  _printf_fp_dec.o(.text)
    _printf_char_common                      0x08000753   Thumb Code    32  _printf_char_common.o(.text)
    _sputc                                   0x08000779   Thumb Code    10  _sputc.o(.text)
    __aeabi_memclr                           0x08000783   Thumb Code     0  rt_memclr.o(.text)
    __rt_memclr                              0x08000783   Thumb Code    68  rt_memclr.o(.text)
    _memset                                  0x08000787   Thumb Code     0  rt_memclr.o(.text)
    __rt_locale                              0x080007c9   Thumb Code     8  rt_locale_intlibspace.o(.text)
    _ll_udiv10                               0x080007d1   Thumb Code   138  lludiv10.o(.text)
    _printf_fp_infnan                        0x0800085d   Thumb Code   112  _printf_fp_infnan.o(.text)
    _btod_etento                             0x080008dd   Thumb Code   216  bigflt0.o(.text)
    __aeabi_memclr4                          0x080009b9   Thumb Code     0  rt_memclr_w.o(.text)
    __aeabi_memclr8                          0x080009b9   Thumb Code     0  rt_memclr_w.o(.text)
    __rt_memclr_w                            0x080009b9   Thumb Code    78  rt_memclr_w.o(.text)
    _memset_w                                0x080009bd   Thumb Code     0  rt_memclr_w.o(.text)
    __user_libspace                          0x08000a09   Thumb Code     8  libspace.o(.text)
    __user_perproc_libspace                  0x08000a09   Thumb Code     0  libspace.o(.text)
    __user_perthread_libspace                0x08000a09   Thumb Code     0  libspace.o(.text)
    __user_setup_stackheap                   0x08000a11   Thumb Code    74  sys_stackheap_outer.o(.text)
    exit                                     0x08000a5b   Thumb Code    12  exit.o(.text)
    strcmp                                   0x08000a69   Thumb Code   128  strcmpv7m.o(.text)
    _sys_exit                                0x08000ae9   Thumb Code     8  sys_exit.o(.text)
    __I$use$semihosting                      0x08000af5   Thumb Code     0  use_no_semi.o(.text)
    __use_no_semihosting_swi                 0x08000af5   Thumb Code     2  use_no_semi.o(.text)
    __semihosting_library_function           0x08000af7   Thumb Code     0  indicate_semi.o(.text)
    _btod_d2e                                0x08000af7   Thumb Code    62  btod.o(CL$$btod_d2e)
    _d2e_denorm_low                          0x08000b35   Thumb Code    70  btod.o(CL$$btod_d2e_denorm_low)
    _d2e_norm_op1                            0x08000b7b   Thumb Code    96  btod.o(CL$$btod_d2e_norm_op1)
    __btod_div_common                        0x08000bdb   Thumb Code   696  btod.o(CL$$btod_div_common)
    _e2e                                     0x08000f13   Thumb Code   198  btod.o(CL$$btod_e2e)
    _btod_ediv                               0x08000fd9   Thumb Code    40  btod.o(CL$$btod_ediv)
    _btod_emul                               0x08001001   Thumb Code    40  btod.o(CL$$btod_emul)
    __btod_mult_common                       0x08001029   Thumb Code   580  btod.o(CL$$btod_mult_common)
    BusFault_Handler                         0x0800126d   Thumb Code     4  stm32f10x_it.o(i.BusFault_Handler)
    Control_GetAngle                         0x08001271   Thumb Code   366  gyro.o(i.Control_GetAngle)
    DebugMon_Handler                         0x080013f1   Thumb Code     2  stm32f10x_it.o(i.DebugMon_Handler)
    Encoder_Motor_Init                       0x080013f3   Thumb Code    12  motor_encoder.o(i.Encoder_Motor_Init)
    Encoder_TIM2_Init                        0x08001401   Thumb Code   154  motor_encoder.o(i.Encoder_TIM2_Init)
    Encoder_TIM4_Init                        0x080014a1   Thumb Code   148  motor_encoder.o(i.Encoder_TIM4_Init)
    GPIO_Init                                0x0800153d   Thumb Code   278  stm32f10x_gpio.o(i.GPIO_Init)
    GPIO_WriteBit                            0x08001653   Thumb Code    10  stm32f10x_gpio.o(i.GPIO_WriteBit)
    Gyro_GetRxFlag                           0x0800165d   Thumb Code    22  gyro.o(i.Gyro_GetRxFlag)
    Gyro_Init                                0x08001679   Thumb Code    32  gyro.o(i.Gyro_Init)
    Gyro_USART_Config                        0x08001699   Thumb Code   130  gyro.o(i.Gyro_USART_Config)
    Gyro_WriteByte                           0x08001725   Thumb Code    28  gyro.o(i.Gyro_WriteByte)
    Gyro_WriteCmd                            0x08001745   Thumb Code    24  gyro.o(i.Gyro_WriteCmd)
    HardFault_Handler                        0x0800175d   Thumb Code     4  stm32f10x_it.o(i.HardFault_Handler)
    Limit                                    0x08001761   Thumb Code    54  motor.o(i.Limit)
    Load                                     0x0800179d   Thumb Code   140  motor.o(i.Load)
    MemManage_Handler                        0x08001835   Thumb Code     4  stm32f10x_it.o(i.MemManage_Handler)
    Motor_GPIO_Config                        0x08001839   Thumb Code   106  motor.o(i.Motor_GPIO_Config)
    Motor_Init                               0x080018ad   Thumb Code    16  motor.o(i.Motor_Init)
    NMI_Handler                              0x080018bd   Thumb Code     2  stm32f10x_it.o(i.NMI_Handler)
    NVIC_Config                              0x080018bf   Thumb Code    70  bsp_nvic.o(i.NVIC_Config)
    NVIC_Init                                0x08001905   Thumb Code   100  misc.o(i.NVIC_Init)
    NVIC_PriorityGroupConfig                 0x08001975   Thumb Code    10  misc.o(i.NVIC_PriorityGroupConfig)
    OLED_Clear                               0x08001989   Thumb Code    42  oled.o(i.OLED_Clear)
    OLED_I2C_Init                            0x080019b5   Thumb Code    76  oled.o(i.OLED_I2C_Init)
    OLED_I2C_SendByte                        0x08001a05   Thumb Code    80  oled.o(i.OLED_I2C_SendByte)
    OLED_I2C_Start                           0x08001a59   Thumb Code    48  oled.o(i.OLED_I2C_Start)
    OLED_I2C_Stop                            0x08001a8d   Thumb Code    36  oled.o(i.OLED_I2C_Stop)
    OLED_Init                                0x08001ab5   Thumb Code   174  oled.o(i.OLED_Init)
    OLED_SetCursor                           0x08001b63   Thumb Code    34  oled.o(i.OLED_SetCursor)
    OLED_ShowChar                            0x08001b85   Thumb Code   110  oled.o(i.OLED_ShowChar)
    OLED_ShowString                          0x08001bf9   Thumb Code    40  oled.o(i.OLED_ShowString)
    OLED_Showfloat                           0x08001c21   Thumb Code    44  oled.o(i.OLED_Showfloat)
    OLED_WriteCommand                        0x08001c55   Thumb Code    32  oled.o(i.OLED_WriteCommand)
    OLED_WriteData                           0x08001c75   Thumb Code    32  oled.o(i.OLED_WriteData)
    PWM_Init                                 0x08001c95   Thumb Code   178  motor_pwm.o(i.PWM_Init)
    PendSV_Handler                           0x08001d51   Thumb Code     2  stm32f10x_it.o(i.PendSV_Handler)
    RCC_APB1PeriphClockCmd                   0x08001d55   Thumb Code    26  stm32f10x_rcc.o(i.RCC_APB1PeriphClockCmd)
    RCC_APB2PeriphClockCmd                   0x08001d75   Thumb Code    26  stm32f10x_rcc.o(i.RCC_APB2PeriphClockCmd)
    RCC_GetClocksFreq                        0x08001d95   Thumb Code   192  stm32f10x_rcc.o(i.RCC_GetClocksFreq)
    Read_Speed                               0x08001e69   Thumb Code    64  motor_encoder.o(i.Read_Speed)
    SVC_Handler                              0x08001ead   Thumb Code     2  stm32f10x_it.o(i.SVC_Handler)
    SysTick_Handler                          0x08001f99   Thumb Code     2  stm32f10x_it.o(i.SysTick_Handler)
    SystemInit                               0x08001f9d   Thumb Code    78  system_stm32f10x.o(i.SystemInit)
    TIM2_IRQHandler                          0x0800223d   Thumb Code    24  motor_encoder.o(i.TIM2_IRQHandler)
    TIM3_IRQHandler                          0x08002255   Thumb Code   242  control.o(i.TIM3_IRQHandler)
    TIM3_Init                                0x08002385   Thumb Code    72  bsp_tim.o(i.TIM3_Init)
    TIM4_IRQHandler                          0x080023d1   Thumb Code    24  motor_encoder.o(i.TIM4_IRQHandler)
    TIM_ARRPreloadConfig                     0x080023ed   Thumb Code    24  stm32f10x_tim.o(i.TIM_ARRPreloadConfig)
    TIM_ClearFlag                            0x08002405   Thumb Code     6  stm32f10x_tim.o(i.TIM_ClearFlag)
    TIM_ClearITPendingBit                    0x0800240b   Thumb Code     6  stm32f10x_tim.o(i.TIM_ClearITPendingBit)
    TIM_Cmd                                  0x08002411   Thumb Code    24  stm32f10x_tim.o(i.TIM_Cmd)
    TIM_CtrlPWMOutputs                       0x08002429   Thumb Code    30  stm32f10x_tim.o(i.TIM_CtrlPWMOutputs)
    TIM_EncoderInterfaceConfig               0x08002447   Thumb Code    66  stm32f10x_tim.o(i.TIM_EncoderInterfaceConfig)
    TIM_GetCounter                           0x08002489   Thumb Code     6  stm32f10x_tim.o(i.TIM_GetCounter)
    TIM_GetITStatus                          0x0800248f   Thumb Code    34  stm32f10x_tim.o(i.TIM_GetITStatus)
    TIM_ICInit                               0x080024b1   Thumb Code   150  stm32f10x_tim.o(i.TIM_ICInit)
    TIM_ICStructInit                         0x0800255d   Thumb Code    18  stm32f10x_tim.o(i.TIM_ICStructInit)
    TIM_ITConfig                             0x0800256f   Thumb Code    18  stm32f10x_tim.o(i.TIM_ITConfig)
    TIM_OC1Init                              0x08002581   Thumb Code   132  stm32f10x_tim.o(i.TIM_OC1Init)
    TIM_OC1PreloadConfig                     0x08002619   Thumb Code    18  stm32f10x_tim.o(i.TIM_OC1PreloadConfig)
    TIM_OC4Init                              0x0800262d   Thumb Code   114  stm32f10x_tim.o(i.TIM_OC4Init)
    TIM_OC4PreloadConfig                     0x080026a9   Thumb Code    26  stm32f10x_tim.o(i.TIM_OC4PreloadConfig)
    TIM_SetCompare1                          0x080026c3   Thumb Code     4  stm32f10x_tim.o(i.TIM_SetCompare1)
    TIM_SetCompare4                          0x080026c7   Thumb Code     6  stm32f10x_tim.o(i.TIM_SetCompare4)
    TIM_SetCounter                           0x080026cd   Thumb Code     4  stm32f10x_tim.o(i.TIM_SetCounter)
    TIM_SetIC1Prescaler                      0x080026d1   Thumb Code    18  stm32f10x_tim.o(i.TIM_SetIC1Prescaler)
    TIM_SetIC2Prescaler                      0x080026e3   Thumb Code    26  stm32f10x_tim.o(i.TIM_SetIC2Prescaler)
    TIM_SetIC3Prescaler                      0x080026fd   Thumb Code    18  stm32f10x_tim.o(i.TIM_SetIC3Prescaler)
    TIM_SetIC4Prescaler                      0x0800270f   Thumb Code    26  stm32f10x_tim.o(i.TIM_SetIC4Prescaler)
    TIM_TimeBaseInit                         0x08002729   Thumb Code   122  stm32f10x_tim.o(i.TIM_TimeBaseInit)
    TIM_TimeBaseStructInit                   0x080027cd   Thumb Code    18  stm32f10x_tim.o(i.TIM_TimeBaseStructInit)
    Turn                                     0x080027e1   Thumb Code    68  control.o(i.Turn)
    USART2_IRQHandler                        0x0800282d   Thumb Code   200  gyro.o(i.USART2_IRQHandler)
    USART_ClearITPendingBit                  0x0800290d   Thumb Code    30  stm32f10x_usart.o(i.USART_ClearITPendingBit)
    USART_Cmd                                0x0800292b   Thumb Code    24  stm32f10x_usart.o(i.USART_Cmd)
    USART_GetFlagStatus                      0x08002943   Thumb Code    26  stm32f10x_usart.o(i.USART_GetFlagStatus)
    USART_GetITStatus                        0x0800295d   Thumb Code    84  stm32f10x_usart.o(i.USART_GetITStatus)
    USART_ITConfig                           0x080029b1   Thumb Code    74  stm32f10x_usart.o(i.USART_ITConfig)
    USART_Init                               0x080029fd   Thumb Code   210  stm32f10x_usart.o(i.USART_Init)
    USART_ReceiveData                        0x08002ad5   Thumb Code    10  stm32f10x_usart.o(i.USART_ReceiveData)
    USART_SendData                           0x08002adf   Thumb Code     8  stm32f10x_usart.o(i.USART_SendData)
    UsageFault_Handler                       0x08002ae7   Thumb Code     4  stm32f10x_it.o(i.UsageFault_Handler)
    Velocity                                 0x08002aed   Thumb Code   242  control.o(i.Velocity)
    Vertical                                 0x08002c09   Thumb Code    74  control.o(i.Vertical)
    __ARM_fpclassify                         0x08002c5d   Thumb Code    40  fpclassify.o(i.__ARM_fpclassify)
    _is_digit                                0x08002c85   Thumb Code    14  __printf_wp.o(i._is_digit)
    main                                     0x08002c95   Thumb Code   140  main.o(i.main)
    _get_lc_numeric                          0x08002d41   Thumb Code    44  lc_numeric_c.o(locale$$code)
    __fpl_dretinf                            0x08002d6d   Thumb Code    12  dretinf.o(x$fpl$dretinf)
    __aeabi_f2d                              0x08002d79   Thumb Code     0  f2d.o(x$fpl$f2d)
    _f2d                                     0x08002d79   Thumb Code    86  f2d.o(x$fpl$f2d)
    __aeabi_fadd                             0x08002dd1   Thumb Code     0  faddsub_clz.o(x$fpl$fadd)
    _fadd                                    0x08002dd1   Thumb Code   196  faddsub_clz.o(x$fpl$fadd)
    __aeabi_fdiv                             0x08002e95   Thumb Code     0  fdiv.o(x$fpl$fdiv)
    _fdiv                                    0x08002e95   Thumb Code   384  fdiv.o(x$fpl$fdiv)
    __aeabi_f2iz                             0x08003019   Thumb Code     0  ffix.o(x$fpl$ffix)
    _ffix                                    0x08003019   Thumb Code    54  ffix.o(x$fpl$ffix)
    __aeabi_i2f                              0x08003051   Thumb Code     0  fflt_clz.o(x$fpl$fflt)
    _fflt                                    0x08003051   Thumb Code    48  fflt_clz.o(x$fpl$fflt)
    __aeabi_fmul                             0x08003081   Thumb Code     0  fmul.o(x$fpl$fmul)
    _fmul                                    0x08003081   Thumb Code   258  fmul.o(x$fpl$fmul)
    __fpl_fnaninf                            0x08003183   Thumb Code   140  fnaninf.o(x$fpl$fnaninf)
    __fpl_fretinf                            0x0800320f   Thumb Code    10  fretinf.o(x$fpl$fretinf)
    __aeabi_frsub                            0x08003219   Thumb Code     0  faddsub_clz.o(x$fpl$frsb)
    _frsb                                    0x08003219   Thumb Code    20  faddsub_clz.o(x$fpl$frsb)
    __aeabi_fsub                             0x0800322d   Thumb Code     0  faddsub_clz.o(x$fpl$fsub)
    _fsub                                    0x0800322d   Thumb Code   234  faddsub_clz.o(x$fpl$fsub)
    _printf_fp_dec                           0x08003317   Thumb Code     4  printf1.o(x$fpl$printf1)
    F6x8                                     0x0800331a   Data         552  oled.o(.constdata)
    __I$use$fp                               0x0800331a   Number         0  usenofp.o(x$fpl$usenofp)
    OLED_F8x16                               0x08003542   Data        1520  oled.o(.constdata)
    Region$$Table$$Base                      0x08003bc8   Number         0  anon$$obj.o(Region$$Table)
    Region$$Table$$Limit                     0x08003be8   Number         0  anon$$obj.o(Region$$Table)
    Serial_RxFlag                            0x20000014   Data           1  gyro.o(.data)
    Pick_Up_Flag                             0x20000018   Data           1  control.o(.data)
    Med_Angle                                0x2000001c   Data           4  control.o(.data)
    Target_Speed                             0x20000020   Data           4  control.o(.data)
    Turn_Speed                               0x20000024   Data           4  control.o(.data)
    Vertical_Kp                              0x20000028   Data           4  control.o(.data)
    Vertical_Kd                              0x2000002c   Data           4  control.o(.data)
    Velocity_Kp                              0x20000030   Data           4  control.o(.data)
    Velocity_Ki                              0x20000034   Data           4  control.o(.data)
    Turn_Kp                                  0x20000038   Data           4  control.o(.data)
    Turn_Kd                                  0x2000003c   Data           4  control.o(.data)
    Vertical_out                             0x20000040   Data           4  control.o(.data)
    Velocity_out                             0x20000044   Data           4  control.o(.data)
    Turn_out                                 0x20000048   Data           4  control.o(.data)
    test1                                    0x2000004c   Data           4  control.o(.data)
    test2                                    0x20000050   Data           4  control.o(.data)
    test3                                    0x20000054   Data           4  control.o(.data)
    AngleGyro_Arr                            0x20000070   Data          18  gyro.o(.bss)
    acc                                      0x20000084   Data          12  control.o(.bss)
    euler                                    0x20000090   Data          12  control.o(.bss)
    gyro                                     0x2000009c   Data          12  control.o(.bss)
    __libspace_start                         0x200000a8   Data          96  libspace.o(.bss)
    __temporary_stack_top$libspace           0x20000108   Data           0  libspace.o(.bss)



==============================================================================

Memory Map of the image

  Image Entry point : 0x080000ed

  Load Region LR_IROM1 (Base: 0x08000000, Size: 0x00003c74, Max: 0x00010000, ABSOLUTE)

    Execution Region ER_IROM1 (Exec base: 0x08000000, Load base: 0x08000000, Size: 0x00003c04, Max: 0x00010000, ABSOLUTE)

    Exec Addr    Load Addr    Size         Type   Attr      Idx    E Section Name        Object

    0x08000000   0x08000000   0x000000ec   Data   RO            3    RESET               startup_stm32f10x_md.o
    0x080000ec   0x080000ec   0x00000008   Code   RO         3602  * !!!main             c_w.l(__main.o)
    0x080000f4   0x080000f4   0x00000034   Code   RO         3853    !!!scatter          c_w.l(__scatter.o)
    0x08000128   0x08000128   0x0000001a   Code   RO         3855    !!handler_copy      c_w.l(__scatter_copy.o)
    0x08000142   0x08000142   0x00000002   PAD
    0x08000144   0x08000144   0x0000001c   Code   RO         3857    !!handler_zi        c_w.l(__scatter_zi.o)
    0x08000160   0x08000160   0x00000000   Code   RO         3597    .ARM.Collect$$_printf_percent$$00000000  c_w.l(_printf_percent.o)
    0x08000160   0x08000160   0x00000006   Code   RO         3596    .ARM.Collect$$_printf_percent$$00000003  c_w.l(_printf_f.o)
    0x08000166   0x08000166   0x00000004   Code   RO         3641    .ARM.Collect$$_printf_percent$$00000017  c_w.l(_printf_percent_end.o)
    0x0800016a   0x0800016a   0x00000002   Code   RO         3727    .ARM.Collect$$libinit$$00000000  c_w.l(libinit.o)
    0x0800016c   0x0800016c   0x00000000   Code   RO         3729    .ARM.Collect$$libinit$$00000002  c_w.l(libinit2.o)
    0x0800016c   0x0800016c   0x00000000   Code   RO         3731    .ARM.Collect$$libinit$$00000004  c_w.l(libinit2.o)
    0x0800016c   0x0800016c   0x00000000   Code   RO         3734    .ARM.Collect$$libinit$$0000000A  c_w.l(libinit2.o)
    0x0800016c   0x0800016c   0x00000000   Code   RO         3736    .ARM.Collect$$libinit$$0000000C  c_w.l(libinit2.o)
    0x0800016c   0x0800016c   0x00000000   Code   RO         3738    .ARM.Collect$$libinit$$0000000E  c_w.l(libinit2.o)
    0x0800016c   0x0800016c   0x00000006   Code   RO         3739    .ARM.Collect$$libinit$$0000000F  c_w.l(libinit2.o)
    0x08000172   0x08000172   0x00000000   Code   RO         3741    .ARM.Collect$$libinit$$00000011  c_w.l(libinit2.o)
    0x08000172   0x08000172   0x00000000   Code   RO         3743    .ARM.Collect$$libinit$$00000013  c_w.l(libinit2.o)
    0x08000172   0x08000172   0x00000000   Code   RO         3745    .ARM.Collect$$libinit$$00000015  c_w.l(libinit2.o)
    0x08000172   0x08000172   0x0000000a   Code   RO         3746    .ARM.Collect$$libinit$$00000016  c_w.l(libinit2.o)
    0x0800017c   0x0800017c   0x00000000   Code   RO         3747    .ARM.Collect$$libinit$$00000017  c_w.l(libinit2.o)
    0x0800017c   0x0800017c   0x00000000   Code   RO         3749    .ARM.Collect$$libinit$$00000019  c_w.l(libinit2.o)
    0x0800017c   0x0800017c   0x00000000   Code   RO         3751    .ARM.Collect$$libinit$$0000001B  c_w.l(libinit2.o)
    0x0800017c   0x0800017c   0x00000000   Code   RO         3753    .ARM.Collect$$libinit$$0000001D  c_w.l(libinit2.o)
    0x0800017c   0x0800017c   0x00000000   Code   RO         3755    .ARM.Collect$$libinit$$0000001F  c_w.l(libinit2.o)
    0x0800017c   0x0800017c   0x00000000   Code   RO         3757    .ARM.Collect$$libinit$$00000021  c_w.l(libinit2.o)
    0x0800017c   0x0800017c   0x00000000   Code   RO         3759    .ARM.Collect$$libinit$$00000023  c_w.l(libinit2.o)
    0x0800017c   0x0800017c   0x00000000   Code   RO         3761    .ARM.Collect$$libinit$$00000025  c_w.l(libinit2.o)
    0x0800017c   0x0800017c   0x00000000   Code   RO         3765    .ARM.Collect$$libinit$$0000002C  c_w.l(libinit2.o)
    0x0800017c   0x0800017c   0x00000000   Code   RO         3767    .ARM.Collect$$libinit$$0000002E  c_w.l(libinit2.o)
    0x0800017c   0x0800017c   0x00000000   Code   RO         3769    .ARM.Collect$$libinit$$00000030  c_w.l(libinit2.o)
    0x0800017c   0x0800017c   0x00000000   Code   RO         3771    .ARM.Collect$$libinit$$00000032  c_w.l(libinit2.o)
    0x0800017c   0x0800017c   0x00000002   Code   RO         3772    .ARM.Collect$$libinit$$00000033  c_w.l(libinit2.o)
    0x0800017e   0x0800017e   0x00000002   Code   RO         3802    .ARM.Collect$$libshutdown$$00000000  c_w.l(libshutdown.o)
    0x08000180   0x08000180   0x00000000   Code   RO         3814    .ARM.Collect$$libshutdown$$00000003  c_w.l(libshutdown2.o)
    0x08000180   0x08000180   0x00000000   Code   RO         3817    .ARM.Collect$$libshutdown$$00000006  c_w.l(libshutdown2.o)
    0x08000180   0x08000180   0x00000000   Code   RO         3820    .ARM.Collect$$libshutdown$$00000009  c_w.l(libshutdown2.o)
    0x08000180   0x08000180   0x00000000   Code   RO         3822    .ARM.Collect$$libshutdown$$0000000B  c_w.l(libshutdown2.o)
    0x08000180   0x08000180   0x00000000   Code   RO         3825    .ARM.Collect$$libshutdown$$0000000E  c_w.l(libshutdown2.o)
    0x08000180   0x08000180   0x00000002   Code   RO         3826    .ARM.Collect$$libshutdown$$0000000F  c_w.l(libshutdown2.o)
    0x08000182   0x08000182   0x00000000   Code   RO         3634    .ARM.Collect$$rtentry$$00000000  c_w.l(__rtentry.o)
    0x08000182   0x08000182   0x00000000   Code   RO         3654    .ARM.Collect$$rtentry$$00000002  c_w.l(__rtentry2.o)
    0x08000182   0x08000182   0x00000006   Code   RO         3666    .ARM.Collect$$rtentry$$00000004  c_w.l(__rtentry4.o)
    0x08000188   0x08000188   0x00000000   Code   RO         3656    .ARM.Collect$$rtentry$$00000009  c_w.l(__rtentry2.o)
    0x08000188   0x08000188   0x00000004   Code   RO         3657    .ARM.Collect$$rtentry$$0000000A  c_w.l(__rtentry2.o)
    0x0800018c   0x0800018c   0x00000000   Code   RO         3659    .ARM.Collect$$rtentry$$0000000C  c_w.l(__rtentry2.o)
    0x0800018c   0x0800018c   0x00000008   Code   RO         3660    .ARM.Collect$$rtentry$$0000000D  c_w.l(__rtentry2.o)
    0x08000194   0x08000194   0x00000002   Code   RO         3773    .ARM.Collect$$rtexit$$00000000  c_w.l(rtexit.o)
    0x08000196   0x08000196   0x00000000   Code   RO         3780    .ARM.Collect$$rtexit$$00000002  c_w.l(rtexit2.o)
    0x08000196   0x08000196   0x00000004   Code   RO         3781    .ARM.Collect$$rtexit$$00000003  c_w.l(rtexit2.o)
    0x0800019a   0x0800019a   0x00000006   Code   RO         3782    .ARM.Collect$$rtexit$$00000004  c_w.l(rtexit2.o)
    0x080001a0   0x080001a0   0x00000040   Code   RO            4    .text               startup_stm32f10x_md.o
    0x080001e0   0x080001e0   0x00000028   Code   RO         3572    .text               c_w.l(noretval__2sprintf.o)
    0x08000208   0x08000208   0x0000010e   Code   RO         3584    .text               c_w.l(__printf_wp.o)
    0x08000316   0x08000316   0x00000010   Code   RO         3598    .text               c_w.l(aeabi_memset.o)
    0x08000326   0x08000326   0x00000006   Code   RO         3600    .text               c_w.l(heapauxi.o)
    0x0800032c   0x0800032c   0x0000041a   Code   RO         3635    .text               c_w.l(_printf_fp_dec.o)
    0x08000746   0x08000746   0x00000002   PAD
    0x08000748   0x08000748   0x00000030   Code   RO         3637    .text               c_w.l(_printf_char_common.o)
    0x08000778   0x08000778   0x0000000a   Code   RO         3639    .text               c_w.l(_sputc.o)
    0x08000782   0x08000782   0x00000044   Code   RO         3642    .text               c_w.l(rt_memclr.o)
    0x080007c6   0x080007c6   0x00000002   PAD
    0x080007c8   0x080007c8   0x00000008   Code   RO         3671    .text               c_w.l(rt_locale_intlibspace.o)
    0x080007d0   0x080007d0   0x0000008a   Code   RO         3673    .text               c_w.l(lludiv10.o)
    0x0800085a   0x0800085a   0x00000002   PAD
    0x0800085c   0x0800085c   0x00000080   Code   RO         3675    .text               c_w.l(_printf_fp_infnan.o)
    0x080008dc   0x080008dc   0x000000dc   Code   RO         3679    .text               c_w.l(bigflt0.o)
    0x080009b8   0x080009b8   0x0000004e   Code   RO         3707    .text               c_w.l(rt_memclr_w.o)
    0x08000a06   0x08000a06   0x00000002   PAD
    0x08000a08   0x08000a08   0x00000008   Code   RO         3713    .text               c_w.l(libspace.o)
    0x08000a10   0x08000a10   0x0000004a   Code   RO         3716    .text               c_w.l(sys_stackheap_outer.o)
    0x08000a5a   0x08000a5a   0x0000000c   Code   RO         3718    .text               c_w.l(exit.o)
    0x08000a66   0x08000a66   0x00000002   PAD
    0x08000a68   0x08000a68   0x00000080   Code   RO         3720    .text               c_w.l(strcmpv7m.o)
    0x08000ae8   0x08000ae8   0x0000000c   Code   RO         3792    .text               c_w.l(sys_exit.o)
    0x08000af4   0x08000af4   0x00000002   Code   RO         3803    .text               c_w.l(use_no_semi.o)
    0x08000af6   0x08000af6   0x00000000   Code   RO         3805    .text               c_w.l(indicate_semi.o)
    0x08000af6   0x08000af6   0x0000003e   Code   RO         3682    CL$$btod_d2e        c_w.l(btod.o)
    0x08000b34   0x08000b34   0x00000046   Code   RO         3684    CL$$btod_d2e_denorm_low  c_w.l(btod.o)
    0x08000b7a   0x08000b7a   0x00000060   Code   RO         3683    CL$$btod_d2e_norm_op1  c_w.l(btod.o)
    0x08000bda   0x08000bda   0x00000338   Code   RO         3692    CL$$btod_div_common  c_w.l(btod.o)
    0x08000f12   0x08000f12   0x000000c6   Code   RO         3689    CL$$btod_e2e        c_w.l(btod.o)
    0x08000fd8   0x08000fd8   0x00000028   Code   RO         3686    CL$$btod_ediv       c_w.l(btod.o)
    0x08001000   0x08001000   0x00000028   Code   RO         3685    CL$$btod_emul       c_w.l(btod.o)
    0x08001028   0x08001028   0x00000244   Code   RO         3691    CL$$btod_mult_common  c_w.l(btod.o)
    0x0800126c   0x0800126c   0x00000004   Code   RO         3179    i.BusFault_Handler  stm32f10x_it.o
    0x08001270   0x08001270   0x00000180   Code   RO         3356    i.Control_GetAngle  gyro.o
    0x080013f0   0x080013f0   0x00000002   Code   RO         3180    i.DebugMon_Handler  stm32f10x_it.o
    0x080013f2   0x080013f2   0x0000000c   Code   RO         3450    i.Encoder_Motor_Init  motor_encoder.o
    0x080013fe   0x080013fe   0x00000002   PAD
    0x08001400   0x08001400   0x000000a0   Code   RO         3451    i.Encoder_TIM2_Init  motor_encoder.o
    0x080014a0   0x080014a0   0x0000009c   Code   RO         3452    i.Encoder_TIM4_Init  motor_encoder.o
    0x0800153c   0x0800153c   0x00000116   Code   RO         1292    i.GPIO_Init         stm32f10x_gpio.o
    0x08001652   0x08001652   0x0000000a   Code   RO         1303    i.GPIO_WriteBit     stm32f10x_gpio.o
    0x0800165c   0x0800165c   0x0000001c   Code   RO         3357    i.Gyro_GetRxFlag    gyro.o
    0x08001678   0x08001678   0x00000020   Code   RO         3358    i.Gyro_Init         gyro.o
    0x08001698   0x08001698   0x0000008c   Code   RO         3359    i.Gyro_USART_Config  gyro.o
    0x08001724   0x08001724   0x00000020   Code   RO         3360    i.Gyro_WriteByte    gyro.o
    0x08001744   0x08001744   0x00000018   Code   RO         3361    i.Gyro_WriteCmd     gyro.o
    0x0800175c   0x0800175c   0x00000004   Code   RO         3181    i.HardFault_Handler  stm32f10x_it.o
    0x08001760   0x08001760   0x0000003c   Code   RO         3408    i.Limit             motor.o
    0x0800179c   0x0800179c   0x00000098   Code   RO         3409    i.Load              motor.o
    0x08001834   0x08001834   0x00000004   Code   RO         3182    i.MemManage_Handler  stm32f10x_it.o
    0x08001838   0x08001838   0x00000074   Code   RO         3410    i.Motor_GPIO_Config  motor.o
    0x080018ac   0x080018ac   0x00000010   Code   RO         3411    i.Motor_Init        motor.o
    0x080018bc   0x080018bc   0x00000002   Code   RO         3183    i.NMI_Handler       stm32f10x_it.o
    0x080018be   0x080018be   0x00000046   Code   RO         3544    i.NVIC_Config       bsp_nvic.o
    0x08001904   0x08001904   0x00000070   Code   RO          137    i.NVIC_Init         misc.o
    0x08001974   0x08001974   0x00000014   Code   RO          138    i.NVIC_PriorityGroupConfig  misc.o
    0x08001988   0x08001988   0x0000002a   Code   RO         3242    i.OLED_Clear        oled.o
    0x080019b2   0x080019b2   0x00000002   PAD
    0x080019b4   0x080019b4   0x00000050   Code   RO         3243    i.OLED_I2C_Init     oled.o
    0x08001a04   0x08001a04   0x00000054   Code   RO         3244    i.OLED_I2C_SendByte  oled.o
    0x08001a58   0x08001a58   0x00000034   Code   RO         3245    i.OLED_I2C_Start    oled.o
    0x08001a8c   0x08001a8c   0x00000028   Code   RO         3246    i.OLED_I2C_Stop     oled.o
    0x08001ab4   0x08001ab4   0x000000ae   Code   RO         3247    i.OLED_Init         oled.o
    0x08001b62   0x08001b62   0x00000022   Code   RO         3249    i.OLED_SetCursor    oled.o
    0x08001b84   0x08001b84   0x00000074   Code   RO         3251    i.OLED_ShowChar     oled.o
    0x08001bf8   0x08001bf8   0x00000028   Code   RO         3255    i.OLED_ShowString   oled.o
    0x08001c20   0x08001c20   0x00000034   Code   RO         3256    i.OLED_Showfloat    oled.o
    0x08001c54   0x08001c54   0x00000020   Code   RO         3257    i.OLED_WriteCommand  oled.o
    0x08001c74   0x08001c74   0x00000020   Code   RO         3258    i.OLED_WriteData    oled.o
    0x08001c94   0x08001c94   0x000000bc   Code   RO         3492    i.PWM_Init          motor_pwm.o
    0x08001d50   0x08001d50   0x00000002   Code   RO         3184    i.PendSV_Handler    stm32f10x_it.o
    0x08001d52   0x08001d52   0x00000002   PAD
    0x08001d54   0x08001d54   0x00000020   Code   RO         1708    i.RCC_APB1PeriphClockCmd  stm32f10x_rcc.o
    0x08001d74   0x08001d74   0x00000020   Code   RO         1710    i.RCC_APB2PeriphClockCmd  stm32f10x_rcc.o
    0x08001d94   0x08001d94   0x000000d4   Code   RO         1718    i.RCC_GetClocksFreq  stm32f10x_rcc.o
    0x08001e68   0x08001e68   0x00000044   Code   RO         3453    i.Read_Speed        motor_encoder.o
    0x08001eac   0x08001eac   0x00000002   Code   RO         3185    i.SVC_Handler       stm32f10x_it.o
    0x08001eae   0x08001eae   0x00000008   Code   RO           24    i.SetSysClock       system_stm32f10x.o
    0x08001eb6   0x08001eb6   0x00000002   PAD
    0x08001eb8   0x08001eb8   0x000000e0   Code   RO           25    i.SetSysClockTo72   system_stm32f10x.o
    0x08001f98   0x08001f98   0x00000002   Code   RO         3186    i.SysTick_Handler   stm32f10x_it.o
    0x08001f9a   0x08001f9a   0x00000002   PAD
    0x08001f9c   0x08001f9c   0x00000060   Code   RO           27    i.SystemInit        system_stm32f10x.o
    0x08001ffc   0x08001ffc   0x00000080   Code   RO         2326    i.TI1_Config        stm32f10x_tim.o
    0x0800207c   0x0800207c   0x00000098   Code   RO         2327    i.TI2_Config        stm32f10x_tim.o
    0x08002114   0x08002114   0x00000090   Code   RO         2328    i.TI3_Config        stm32f10x_tim.o
    0x080021a4   0x080021a4   0x00000098   Code   RO         2329    i.TI4_Config        stm32f10x_tim.o
    0x0800223c   0x0800223c   0x00000018   Code   RO         3454    i.TIM2_IRQHandler   motor_encoder.o
    0x08002254   0x08002254   0x00000130   Code   RO         3505    i.TIM3_IRQHandler   control.o
    0x08002384   0x08002384   0x0000004c   Code   RO         3556    i.TIM3_Init         bsp_tim.o
    0x080023d0   0x080023d0   0x0000001c   Code   RO         3455    i.TIM4_IRQHandler   motor_encoder.o
    0x080023ec   0x080023ec   0x00000018   Code   RO         2330    i.TIM_ARRPreloadConfig  stm32f10x_tim.o
    0x08002404   0x08002404   0x00000006   Code   RO         2336    i.TIM_ClearFlag     stm32f10x_tim.o
    0x0800240a   0x0800240a   0x00000006   Code   RO         2337    i.TIM_ClearITPendingBit  stm32f10x_tim.o
    0x08002410   0x08002410   0x00000018   Code   RO         2342    i.TIM_Cmd           stm32f10x_tim.o
    0x08002428   0x08002428   0x0000001e   Code   RO         2344    i.TIM_CtrlPWMOutputs  stm32f10x_tim.o
    0x08002446   0x08002446   0x00000042   Code   RO         2351    i.TIM_EncoderInterfaceConfig  stm32f10x_tim.o
    0x08002488   0x08002488   0x00000006   Code   RO         2361    i.TIM_GetCounter    stm32f10x_tim.o
    0x0800248e   0x0800248e   0x00000022   Code   RO         2363    i.TIM_GetITStatus   stm32f10x_tim.o
    0x080024b0   0x080024b0   0x000000ac   Code   RO         2365    i.TIM_ICInit        stm32f10x_tim.o
    0x0800255c   0x0800255c   0x00000012   Code   RO         2366    i.TIM_ICStructInit  stm32f10x_tim.o
    0x0800256e   0x0800256e   0x00000012   Code   RO         2367    i.TIM_ITConfig      stm32f10x_tim.o
    0x08002580   0x08002580   0x00000098   Code   RO         2371    i.TIM_OC1Init       stm32f10x_tim.o
    0x08002618   0x08002618   0x00000012   Code   RO         2374    i.TIM_OC1PreloadConfig  stm32f10x_tim.o
    0x0800262a   0x0800262a   0x00000002   PAD
    0x0800262c   0x0800262c   0x0000007c   Code   RO         2386    i.TIM_OC4Init       stm32f10x_tim.o
    0x080026a8   0x080026a8   0x0000001a   Code   RO         2388    i.TIM_OC4PreloadConfig  stm32f10x_tim.o
    0x080026c2   0x080026c2   0x00000004   Code   RO         2403    i.TIM_SetCompare1   stm32f10x_tim.o
    0x080026c6   0x080026c6   0x00000006   Code   RO         2406    i.TIM_SetCompare4   stm32f10x_tim.o
    0x080026cc   0x080026cc   0x00000004   Code   RO         2407    i.TIM_SetCounter    stm32f10x_tim.o
    0x080026d0   0x080026d0   0x00000012   Code   RO         2408    i.TIM_SetIC1Prescaler  stm32f10x_tim.o
    0x080026e2   0x080026e2   0x0000001a   Code   RO         2409    i.TIM_SetIC2Prescaler  stm32f10x_tim.o
    0x080026fc   0x080026fc   0x00000012   Code   RO         2410    i.TIM_SetIC3Prescaler  stm32f10x_tim.o
    0x0800270e   0x0800270e   0x0000001a   Code   RO         2411    i.TIM_SetIC4Prescaler  stm32f10x_tim.o
    0x08002728   0x08002728   0x000000a4   Code   RO         2413    i.TIM_TimeBaseInit  stm32f10x_tim.o
    0x080027cc   0x080027cc   0x00000012   Code   RO         2414    i.TIM_TimeBaseStructInit  stm32f10x_tim.o
    0x080027de   0x080027de   0x00000002   PAD
    0x080027e0   0x080027e0   0x0000004c   Code   RO         3506    i.Turn              control.o
    0x0800282c   0x0800282c   0x000000e0   Code   RO         3362    i.USART2_IRQHandler  gyro.o
    0x0800290c   0x0800290c   0x0000001e   Code   RO         2875    i.USART_ClearITPendingBit  stm32f10x_usart.o
    0x0800292a   0x0800292a   0x00000018   Code   RO         2878    i.USART_Cmd         stm32f10x_usart.o
    0x08002942   0x08002942   0x0000001a   Code   RO         2881    i.USART_GetFlagStatus  stm32f10x_usart.o
    0x0800295c   0x0800295c   0x00000054   Code   RO         2882    i.USART_GetITStatus  stm32f10x_usart.o
    0x080029b0   0x080029b0   0x0000004a   Code   RO         2884    i.USART_ITConfig    stm32f10x_usart.o
    0x080029fa   0x080029fa   0x00000002   PAD
    0x080029fc   0x080029fc   0x000000d8   Code   RO         2885    i.USART_Init        stm32f10x_usart.o
    0x08002ad4   0x08002ad4   0x0000000a   Code   RO         2892    i.USART_ReceiveData  stm32f10x_usart.o
    0x08002ade   0x08002ade   0x00000008   Code   RO         2895    i.USART_SendData    stm32f10x_usart.o
    0x08002ae6   0x08002ae6   0x00000004   Code   RO         3187    i.UsageFault_Handler  stm32f10x_it.o
    0x08002aea   0x08002aea   0x00000002   PAD
    0x08002aec   0x08002aec   0x0000011c   Code   RO         3507    i.Velocity          control.o
    0x08002c08   0x08002c08   0x00000054   Code   RO         3508    i.Vertical          control.o
    0x08002c5c   0x08002c5c   0x00000028   Code   RO         3711    i.__ARM_fpclassify  m_ws.l(fpclassify.o)
    0x08002c84   0x08002c84   0x0000000e   Code   RO         3586    i._is_digit         c_w.l(__printf_wp.o)
    0x08002c92   0x08002c92   0x00000002   PAD
    0x08002c94   0x08002c94   0x000000ac   Code   RO         3135    i.main              main.o
    0x08002d40   0x08002d40   0x0000002c   Code   RO         3705    locale$$code        c_w.l(lc_numeric_c.o)
    0x08002d6c   0x08002d6c   0x0000000c   Code   RO         3644    x$fpl$dretinf       fz_ws.l(dretinf.o)
    0x08002d78   0x08002d78   0x00000056   Code   RO         3604    x$fpl$f2d           fz_ws.l(f2d.o)
    0x08002dce   0x08002dce   0x00000002   PAD
    0x08002dd0   0x08002dd0   0x000000c4   Code   RO         3606    x$fpl$fadd          fz_ws.l(faddsub_clz.o)
    0x08002e94   0x08002e94   0x00000184   Code   RO         3613    x$fpl$fdiv          fz_ws.l(fdiv.o)
    0x08003018   0x08003018   0x00000036   Code   RO         3616    x$fpl$ffix          fz_ws.l(ffix.o)
    0x0800304e   0x0800304e   0x00000002   PAD
    0x08003050   0x08003050   0x00000030   Code   RO         3621    x$fpl$fflt          fz_ws.l(fflt_clz.o)
    0x08003080   0x08003080   0x00000102   Code   RO         3628    x$fpl$fmul          fz_ws.l(fmul.o)
    0x08003182   0x08003182   0x0000008c   Code   RO         3648    x$fpl$fnaninf       fz_ws.l(fnaninf.o)
    0x0800320e   0x0800320e   0x0000000a   Code   RO         3650    x$fpl$fretinf       fz_ws.l(fretinf.o)
    0x08003218   0x08003218   0x00000014   Code   RO         3607    x$fpl$frsb          fz_ws.l(faddsub_clz.o)
    0x0800322c   0x0800322c   0x000000ea   Code   RO         3608    x$fpl$fsub          fz_ws.l(faddsub_clz.o)
    0x08003316   0x08003316   0x00000004   Code   RO         3632    x$fpl$printf1       fz_ws.l(printf1.o)
    0x0800331a   0x0800331a   0x00000000   Code   RO         3652    x$fpl$usenofp       fz_ws.l(usenofp.o)
    0x0800331a   0x0800331a   0x00000818   Data   RO         3259    .constdata          oled.o
    0x08003b32   0x08003b32   0x00000002   PAD
    0x08003b34   0x08003b34   0x00000094   Data   RO         3680    .constdata          c_w.l(bigflt0.o)
    0x08003bc8   0x08003bc8   0x00000020   Data   RO         3851    Region$$Table       anon$$obj.o
    0x08003be8   0x08003be8   0x0000001c   Data   RO         3704    locale$$data        c_w.l(lc_numeric_c.o)


    Execution Region RW_IRAM1 (Exec base: 0x20000000, Load base: 0x08003c04, Size: 0x00000708, Max: 0x00005000, ABSOLUTE)

    Exec Addr    Load Addr    Size         Type   Attr      Idx    E Section Name        Object

    0x20000000   0x08003c04   0x00000014   Data   RW         1738    .data               stm32f10x_rcc.o
    0x20000014   0x08003c18   0x00000004   Data   RW         3364    .data               gyro.o
    0x20000018   0x08003c1c   0x00000058   Data   RW         3510    .data               control.o
    0x20000070        -       0x00000012   Zero   RW         3363    .bss                gyro.o
    0x20000082   0x08003c74   0x00000002   PAD
    0x20000084        -       0x00000024   Zero   RW         3509    .bss                control.o
    0x200000a8        -       0x00000060   Zero   RW         3714    .bss                c_w.l(libspace.o)
    0x20000108        -       0x00000200   Zero   RW            2    HEAP                startup_stm32f10x_md.o
    0x20000308        -       0x00000400   Zero   RW            1    STACK               startup_stm32f10x_md.o


==============================================================================

Image component sizes


      Code (inc. data)   RO Data    RW Data    ZI Data      Debug   Object Name

        70          0          0          0          0        534   bsp_nvic.o
        76          4          0          0          0        524   bsp_tim.o
       748        122          0         88         36       4219   control.o
         0          0          0          0          0       4536   core_cm3.o
       864         62          0          4         18       4583   gyro.o
       172         32          0          0          0       1047   main.o
       132         22          0          0          0       1707   misc.o
       344         28          0          0          0       2172   motor.o
       448         22          0          0          0       3502   motor_encoder.o
       188         10          0          0          0        687   motor_pwm.o
       778         30       2072          0          0       7361   oled.o
        64         26        236          0       1536        872   startup_stm32f10x_md.o
       288          0          0          0          0       2704   stm32f10x_gpio.o
        26          0          0          0          0       3946   stm32f10x_it.o
       276         32          0         20          0       4690   stm32f10x_rcc.o
      1584        180          0          0          0      19112   stm32f10x_tim.o
       472          6          0          0          0       7223   stm32f10x_usart.o
       328         28          0          0          0     249269   system_stm32f10x.o

    ----------------------------------------------------------------------
      6876        604       2342        112       1592     318688   Object Totals
         0          0         32          0          0          0   (incl. Generated)
        18          0          2          0          2          0   (incl. Padding)

    ----------------------------------------------------------------------

      Code (inc. data)   RO Data    RW Data    ZI Data      Debug   Library Member Name

         8          0          0          0          0         68   __main.o
       284          0          0          0          0        156   __printf_wp.o
         0          0          0          0          0          0   __rtentry.o
        12          0          0          0          0          0   __rtentry2.o
         6          0          0          0          0          0   __rtentry4.o
        52          8          0          0          0          0   __scatter.o
        26          0          0          0          0          0   __scatter_copy.o
        28          0          0          0          0          0   __scatter_zi.o
        48          6          0          0          0         96   _printf_char_common.o
         6          0          0          0          0          0   _printf_f.o
      1050          0          0          0          0        216   _printf_fp_dec.o
       128         16          0          0          0         84   _printf_fp_infnan.o
         0          0          0          0          0          0   _printf_percent.o
         4          0          0          0          0          0   _printf_percent_end.o
        10          0          0          0          0         68   _sputc.o
        16          0          0          0          0         68   aeabi_memset.o
       220          4        148          0          0         96   bigflt0.o
      1910        128          0          0          0        672   btod.o
        12          0          0          0          0         72   exit.o
         6          0          0          0          0        152   heapauxi.o
         0          0          0          0          0          0   indicate_semi.o
        44         10         28          0          0         76   lc_numeric_c.o
         2          0          0          0          0          0   libinit.o
        18          0          0          0          0          0   libinit2.o
         2          0          0          0          0          0   libshutdown.o
         2          0          0          0          0          0   libshutdown2.o
         8          4          0          0         96         68   libspace.o
       138          0          0          0          0         80   lludiv10.o
        40          6          0          0          0         84   noretval__2sprintf.o
         8          4          0          0          0         68   rt_locale_intlibspace.o
        68          0          0          0          0         68   rt_memclr.o
        78          0          0          0          0         80   rt_memclr_w.o
         2          0          0          0          0          0   rtexit.o
        10          0          0          0          0          0   rtexit2.o
       128          0          0          0          0         68   strcmpv7m.o
        12          4          0          0          0         68   sys_exit.o
        74          0          0          0          0         80   sys_stackheap_outer.o
         2          0          0          0          0         68   use_no_semi.o
        12          0          0          0          0         68   dretinf.o
        86          4          0          0          0         84   f2d.o
       450          8          0          0          0        236   faddsub_clz.o
       388         76          0          0          0         96   fdiv.o
        54          4          0          0          0         84   ffix.o
        48          0          0          0          0         68   fflt_clz.o
       258          4          0          0          0         84   fmul.o
       140          4          0          0          0         84   fnaninf.o
        10          0          0          0          0         68   fretinf.o
         4          0          0          0          0         68   printf1.o
         0          0          0          0          0          0   usenofp.o
        40          0          0          0          0         68   fpclassify.o

    ----------------------------------------------------------------------
      5970        290        176          0         96       3564   Library Totals
        18          0          0          0          0          0   (incl. Padding)

    ----------------------------------------------------------------------

      Code (inc. data)   RO Data    RW Data    ZI Data      Debug   Library Name

      4462        190        176          0         96       2556   c_w.l
      1450        100          0          0          0        940   fz_ws.l
        40          0          0          0          0         68   m_ws.l

    ----------------------------------------------------------------------
      5970        290        176          0         96       3564   Library Totals

    ----------------------------------------------------------------------

==============================================================================


      Code (inc. data)   RO Data    RW Data    ZI Data      Debug   

     12846        894       2518        112       1688     315592   Grand Totals
     12846        894       2518        112       1688     315592   ELF Image Totals
     12846        894       2518        112          0          0   ROM Totals

==============================================================================

    Total RO  Size (Code + RO Data)                15364 (  15.00kB)
    Total RW  Size (RW Data + ZI Data)              1800 (   1.76kB)
    Total ROM Size (Code + RO Data + RW Data)      15476 (  15.11kB)

==============================================================================

